Archive member included to satisfy reference by file (symbol)

c:/st/stm32cubeide_1.7.0/stm32cubeide/plugins/com.st.stm32cube.ide.mcu.externaltools.gnu-tools-for-stm32.9-2020-q2-update.win32_2.0.0.202105311346/tools/bin/../lib/gcc/arm-none-eabi/9.3.1/../../../../arm-none-eabi/lib/thumb/v7e-m+fp/hard\libc_nano.a(lib_a-errno.o)
                              ./Core/Src/syscalls.o (__errno)
c:/st/stm32cubeide_1.7.0/stm32cubeide/plugins/com.st.stm32cube.ide.mcu.externaltools.gnu-tools-for-stm32.9-2020-q2-update.win32_2.0.0.202105311346/tools/bin/../lib/gcc/arm-none-eabi/9.3.1/../../../../arm-none-eabi/lib/thumb/v7e-m+fp/hard\libc_nano.a(lib_a-exit.o)
                              c:/st/stm32cubeide_1.7.0/stm32cubeide/plugins/com.st.stm32cube.ide.mcu.externaltools.gnu-tools-for-stm32.9-2020-q2-update.win32_2.0.0.202105311346/tools/bin/../lib/gcc/arm-none-eabi/9.3.1/../../../../arm-none-eabi/lib/thumb/v7e-m+fp/hard/crt0.o (exit)
c:/st/stm32cubeide_1.7.0/stm32cubeide/plugins/com.st.stm32cube.ide.mcu.externaltools.gnu-tools-for-stm32.9-2020-q2-update.win32_2.0.0.202105311346/tools/bin/../lib/gcc/arm-none-eabi/9.3.1/../../../../arm-none-eabi/lib/thumb/v7e-m+fp/hard\libc_nano.a(lib_a-impure.o)
                              c:/st/stm32cubeide_1.7.0/stm32cubeide/plugins/com.st.stm32cube.ide.mcu.externaltools.gnu-tools-for-stm32.9-2020-q2-update.win32_2.0.0.202105311346/tools/bin/../lib/gcc/arm-none-eabi/9.3.1/../../../../arm-none-eabi/lib/thumb/v7e-m+fp/hard\libc_nano.a(lib_a-exit.o) (_global_impure_ptr)
c:/st/stm32cubeide_1.7.0/stm32cubeide/plugins/com.st.stm32cube.ide.mcu.externaltools.gnu-tools-for-stm32.9-2020-q2-update.win32_2.0.0.202105311346/tools/bin/../lib/gcc/arm-none-eabi/9.3.1/../../../../arm-none-eabi/lib/thumb/v7e-m+fp/hard\libc_nano.a(lib_a-init.o)
                              c:/st/stm32cubeide_1.7.0/stm32cubeide/plugins/com.st.stm32cube.ide.mcu.externaltools.gnu-tools-for-stm32.9-2020-q2-update.win32_2.0.0.202105311346/tools/bin/../lib/gcc/arm-none-eabi/9.3.1/../../../../arm-none-eabi/lib/thumb/v7e-m+fp/hard/crt0.o (__libc_init_array)
c:/st/stm32cubeide_1.7.0/stm32cubeide/plugins/com.st.stm32cube.ide.mcu.externaltools.gnu-tools-for-stm32.9-2020-q2-update.win32_2.0.0.202105311346/tools/bin/../lib/gcc/arm-none-eabi/9.3.1/../../../../arm-none-eabi/lib/thumb/v7e-m+fp/hard\libc_nano.a(lib_a-itoa.o)
                              ./Core/Src/main.o (itoa)
c:/st/stm32cubeide_1.7.0/stm32cubeide/plugins/com.st.stm32cube.ide.mcu.externaltools.gnu-tools-for-stm32.9-2020-q2-update.win32_2.0.0.202105311346/tools/bin/../lib/gcc/arm-none-eabi/9.3.1/../../../../arm-none-eabi/lib/thumb/v7e-m+fp/hard\libc_nano.a(lib_a-memset.o)
                              c:/st/stm32cubeide_1.7.0/stm32cubeide/plugins/com.st.stm32cube.ide.mcu.externaltools.gnu-tools-for-stm32.9-2020-q2-update.win32_2.0.0.202105311346/tools/bin/../lib/gcc/arm-none-eabi/9.3.1/../../../../arm-none-eabi/lib/thumb/v7e-m+fp/hard/crt0.o (memset)
c:/st/stm32cubeide_1.7.0/stm32cubeide/plugins/com.st.stm32cube.ide.mcu.externaltools.gnu-tools-for-stm32.9-2020-q2-update.win32_2.0.0.202105311346/tools/bin/../lib/gcc/arm-none-eabi/9.3.1/../../../../arm-none-eabi/lib/thumb/v7e-m+fp/hard\libc_nano.a(lib_a-sprintf.o)
                              ./Core/Src/ESP8266_HAL.o (sprintf)
c:/st/stm32cubeide_1.7.0/stm32cubeide/plugins/com.st.stm32cube.ide.mcu.externaltools.gnu-tools-for-stm32.9-2020-q2-update.win32_2.0.0.202105311346/tools/bin/../lib/gcc/arm-none-eabi/9.3.1/../../../../arm-none-eabi/lib/thumb/v7e-m+fp/hard\libc_nano.a(lib_a-strcat.o)
                              ./Core/Src/ESP8266_HAL.o (strcat)
c:/st/stm32cubeide_1.7.0/stm32cubeide/plugins/com.st.stm32cube.ide.mcu.externaltools.gnu-tools-for-stm32.9-2020-q2-update.win32_2.0.0.202105311346/tools/bin/../lib/gcc/arm-none-eabi/9.3.1/../../../../arm-none-eabi/lib/thumb/v7e-m+fp/hard\libc_nano.a(lib_a-strcmp.o)
                              ./Core/Src/ESP8266_HAL.o (strcmp)
c:/st/stm32cubeide_1.7.0/stm32cubeide/plugins/com.st.stm32cube.ide.mcu.externaltools.gnu-tools-for-stm32.9-2020-q2-update.win32_2.0.0.202105311346/tools/bin/../lib/gcc/arm-none-eabi/9.3.1/../../../../arm-none-eabi/lib/thumb/v7e-m+fp/hard\libc_nano.a(lib_a-strlen.o)
                              ./Core/Src/ESP8266_HAL.o (strlen)
c:/st/stm32cubeide_1.7.0/stm32cubeide/plugins/com.st.stm32cube.ide.mcu.externaltools.gnu-tools-for-stm32.9-2020-q2-update.win32_2.0.0.202105311346/tools/bin/../lib/gcc/arm-none-eabi/9.3.1/../../../../arm-none-eabi/lib/thumb/v7e-m+fp/hard\libc_nano.a(lib_a-utoa.o)
                              c:/st/stm32cubeide_1.7.0/stm32cubeide/plugins/com.st.stm32cube.ide.mcu.externaltools.gnu-tools-for-stm32.9-2020-q2-update.win32_2.0.0.202105311346/tools/bin/../lib/gcc/arm-none-eabi/9.3.1/../../../../arm-none-eabi/lib/thumb/v7e-m+fp/hard\libc_nano.a(lib_a-itoa.o) (__utoa)
[...]
Memory Configuration

Name             Origin             Length             Attributes
CCMRAM           0x0000000010000000 0x0000000000010000 xrw
RAM              0x0000000020000000 0x0000000000020000 xrw
FLASH            0x0000000008000000 0x0000000000100000 xr
*default*        0x0000000000000000 0xffffffffffffffff

Linker script and memory map

LOAD c:/st/stm32cubeide_1.7.0/stm32cubeide/plugins/com.st.stm32cube.ide.mcu.externaltools.gnu-tools-for-stm32.9-2020-q2-update.win32_2.0.0.202105311346/tools/bin/../lib/gcc/arm-none-eabi/9.3.1/thumb/v7e-m+fp/hard/crti.o
LOAD c:/st/stm32cubeide_1.7.0/stm32cubeide/plugins/com.st.stm32cube.ide.mcu.externaltools.gnu-tools-for-stm32.9-2020-q2-update.win32_2.0.0.202105311346/tools/bin/../lib/gcc/arm-none-eabi/9.3.1/thumb/v7e-m+fp/hard/crtbegin.o
LOAD c:/st/stm32cubeide_1.7.0/stm32cubeide/plugins/com.st.stm32cube.ide.mcu.externaltools.gnu-tools-for-stm32.9-2020-q2-update.win32_2.0.0.202105311346/tools/bin/../lib/gcc/arm-none-eabi/9.3.1/../../../../arm-none-eabi/lib/thumb/v7e-m+fp/hard/crt0.o
LOAD ./Core/Src/Buzzer.o
LOAD ./Core/Src/DHT22.o
LOAD ./Core/Src/ESP8266_HAL.o
LOAD ./Core/Src/LDR.o
LOAD ./Core/Src/LED.o
LOAD ./Core/Src/OLED.o
LOAD ./Core/Src/RFID.o
LOAD ./Core/Src/RH.o
LOAD ./Core/Src/SG90.o
LOAD ./Core/Src/Temperature.o
LOAD ./Core/Src/UART_HAL.o
LOAD ./Core/Src/fonts.o
LOAD ./Core/Src/gfx.o
LOAD ./Core/Src/main.o
LOAD ./Core/Src/ssd1306.o
LOAD ./Core/Src/stm32f4xx_hal_msp.o
LOAD ./Core/Src/stm32f4xx_it.o
LOAD ./Core/Src/syscalls.o
LOAD ./Core/Src/sysmem.o
LOAD ./Core/Src/system_stm32f4xx.o
LOAD ./Core/Startup/startup_stm32f407vgtx.o
LOAD ./Drivers/STM32F4xx_HAL_Driver/Src/stm32f4xx_hal.o
LOAD ./Drivers/STM32F4xx_HAL_Driver/Src/stm32f4xx_hal_adc.o
LOAD ./Drivers/STM32F4xx_HAL_Driver/Src/stm32f4xx_hal_adc_ex.o
LOAD ./Drivers/STM32F4xx_HAL_Driver/Src/stm32f4xx_hal_cortex.o
LOAD ./Drivers/STM32F4xx_HAL_Driver/Src/stm32f4xx_hal_dma.o
LOAD ./Drivers/STM32F4xx_HAL_Driver/Src/stm32f4xx_hal_dma_ex.o
LOAD ./Drivers/STM32F4xx_HAL_Driver/Src/stm32f4xx_hal_exti.o
LOAD ./Drivers/STM32F4xx_HAL_Driver/Src/stm32f4xx_hal_flash.o
LOAD ./Drivers/STM32F4xx_HAL_Driver/Src/stm32f4xx_hal_flash_ex.o
LOAD ./Drivers/STM32F4xx_HAL_Driver/Src/stm32f4xx_hal_flash_ramfunc.o
LOAD ./Drivers/STM32F4xx_HAL_Driver/Src/stm32f4xx_hal_gpio.o
LOAD ./Drivers/STM32F4xx_HAL_Driver/Src/stm32f4xx_hal_i2c.o
LOAD ./Drivers/STM32F4xx_HAL_Driver/Src/stm32f4xx_hal_i2c_ex.o
LOAD ./Drivers/STM32F4xx_HAL_Driver/Src/stm32f4xx_hal_pwr.o
LOAD ./Drivers/STM32F4xx_HAL_Driver/Src/stm32f4xx_hal_pwr_ex.o
LOAD ./Drivers/STM32F4xx_HAL_Driver/Src/stm32f4xx_hal_rcc.o
LOAD ./Drivers/STM32F4xx_HAL_Driver/Src/stm32f4xx_hal_rcc_ex.o
LOAD ./Drivers/STM32F4xx_HAL_Driver/Src/stm32f4xx_hal_tim.o
LOAD ./Drivers/STM32F4xx_HAL_Driver/Src/stm32f4xx_hal_tim_ex.o
LOAD ./Drivers/STM32F4xx_HAL_Driver/Src/stm32f4xx_hal_uart.o
LOAD ./Drivers/STM32F4xx_HAL_Driver/Src/stm32f4xx_ll_adc.o
START GROUP
LOAD c:/st/stm32cubeide_1.7.0/stm32cubeide/plugins/com.st.stm32cube.ide.mcu.externaltools.gnu-tools-for-stm32.9-2020-q2-update.win32_2.0.0.202105311346/tools/bin/../lib/gcc/arm-none-eabi/9.3.1/../../../../arm-none-eabi/lib/thumb/v7e-m+fp/hard\libc_nano.a
LOAD c:/st/stm32cubeide_1.7.0/stm32cubeide/plugins/com.st.stm32cube.ide.mcu.externaltools.gnu-tools-for-stm32.9-2020-q2-update.win32_2.0.0.202105311346/tools/bin/../lib/gcc/arm-none-eabi/9.3.1/../../../../arm-none-eabi/lib/thumb/v7e-m+fp/hard\libm.a
END GROUP
START GROUP
LOAD c:/st/stm32cubeide_1.7.0/stm32cubeide/plugins/com.st.stm32cube.ide.mcu.externaltools.gnu-tools-for-stm32.9-2020-q2-update.win32_2.0.0.202105311346/tools/bin/../lib/gcc/arm-none-eabi/9.3.1/thumb/v7e-m+fp/hard\libgcc.a
LOAD c:/st/stm32cubeide_1.7.0/stm32cubeide/plugins/com.st.stm32cube.ide.mcu.externaltools.gnu-tools-for-stm32.9-2020-q2-update.win32_2.0.0.202105311346/tools/bin/../lib/gcc/arm-none-eabi/9.3.1/../../../../arm-none-eabi/lib/thumb/v7e-m+fp/hard\libc_nano.a
END GROUP
START GROUP
LOAD c:/st/stm32cubeide_1.7.0/stm32cubeide/plugins/com.st.stm32cube.ide.mcu.externaltools.gnu-tools-for-stm32.9-2020-q2-update.win32_2.0.0.202105311346/tools/bin/../lib/gcc/arm-none-eabi/9.3.1/thumb/v7e-m+fp/hard\libgcc.a
LOAD c:/st/stm32cubeide_1.7.0/stm32cubeide/plugins/com.st.stm32cube.ide.mcu.externaltools.gnu-tools-for-stm32.9-2020-q2-update.win32_2.0.0.202105311346/tools/bin/../lib/gcc/arm-none-eabi/9.3.1/../../../../arm-none-eabi/lib/thumb/v7e-m+fp/hard\libc_nano.a
LOAD c:/st/stm32cubeide_1.7.0/stm32cubeide/plugins/com.st.stm32cube.ide.mcu.externaltools.gnu-tools-for-stm32.9-2020-q2-update.win32_2.0.0.202105311346/tools/bin/../lib/gcc/arm-none-eabi/9.3.1/../../../../arm-none-eabi/lib/thumb/v7e-m+fp/hard\libnosys.a
END GROUP
START GROUP
LOAD c:/st/stm32cubeide_1.7.0/stm32cubeide/plugins/com.st.stm32cube.ide.mcu.externaltools.gnu-tools-for-stm32.9-2020-q2-update.win32_2.0.0.202105311346/tools/bin/../lib/gcc/arm-none-eabi/9.3.1/thumb/v7e-m+fp/hard\libgcc.a
LOAD c:/st/stm32cubeide_1.7.0/stm32cubeide/plugins/com.st.stm32cube.ide.mcu.externaltools.gnu-tools-for-stm32.9-2020-q2-update.win32_2.0.0.202105311346/tools/bin/../lib/gcc/arm-none-eabi/9.3.1/../../../../arm-none-eabi/lib/thumb/v7e-m+fp/hard\libc_nano.a
LOAD c:/st/stm32cubeide_1.7.0/stm32cubeide/plugins/com.st.stm32cube.ide.mcu.externaltools.gnu-tools-for-stm32.9-2020-q2-update.win32_2.0.0.202105311346/tools/bin/../lib/gcc/arm-none-eabi/9.3.1/../../../../arm-none-eabi/lib/thumb/v7e-m+fp/hard\libnosys.a
END GROUP
LOAD c:/st/stm32cubeide_1.7.0/stm32cubeide/plugins/com.st.stm32cube.ide.mcu.externaltools.gnu-tools-for-stm32.9-2020-q2-update.win32_2.0.0.202105311346/tools/bin/../lib/gcc/arm-none-eabi/9.3.1/thumb/v7e-m+fp/hard/crtend.o
LOAD c:/st/stm32cubeide_1.7.0/stm32cubeide/plugins/com.st.stm32cube.ide.mcu.externaltools.gnu-tools-for-stm32.9-2020-q2-update.win32_2.0.0.202105311346/tools/bin/../lib/gcc/arm-none-eabi/9.3.1/thumb/v7e-m+fp/hard/crtn.o
                0x0000000020020000                _estack = (ORIGIN (RAM) + LENGTH (RAM))
                0x0000000000000200                _Min_Heap_Size = 0x200
                0x0000000000000400                _Min_Stack_Size = 0x400

.isr_vector     0x0000000008000000      0x188
                0x0000000008000000                . = ALIGN (0x4)
 *(.isr_vector)
 .isr_vector    0x0000000008000000      0x188 ./Core/Startup/startup_stm32f407vgtx.o
                0x0000000008000000                g_pfnVectors
                0x0000000008000188                . = ALIGN (0x4)

.text           0x0000000008000190     0xa41c
                0x0000000008000190                . = ALIGN (0x4)
 *(.text)
 .text          0x0000000008000190       0x40 c:/st/stm32cubeide_1.7.0/stm32cubeide/plugins/com.st.stm32cube.ide.mcu.externaltools.gnu-tools-for-stm32.9-2020-q2-update.win32_2.0.0.202105311346/tools/bin/../lib/gcc/arm-none-eabi/9.3.1/thumb/v7e-m+fp/hard/crtbegin.o
 .text          0x00000000080001d0       0x10 c:/st/stm32cubeide_1.7.0/stm32cubeide/plugins/com.st.stm32cube.ide.mcu.externaltools.gnu-tools-for-stm32.9-2020-q2-update.win32_2.0.0.202105311346/tools/bin/../lib/gcc/arm-none-eabi/9.3.1/../../../../arm-none-eabi/lib/thumb/v7e-m+fp/hard\libc_nano.a(lib_a-strlen.o)
                0x00000000080001d0                strlen
 .text          0x00000000080001e0       0xa0 c:/st/stm32cubeide_1.7.0/stm32cubeide/plugins/com.st.stm32cube.ide.mcu.externaltools.gnu-tools-for-stm32.9-2020-q2-update.win32_2.0.0.202105311346/tools/bin/../lib/gcc/arm-none-eabi/9.3.1/../../../../arm-none-eabi/lib/thumb/v7e-m+fp/hard\libc_nano.a(lib_a-memchr.o)
                0x00000000080001e0                memchr
 .text          0x0000000008000280      0x378 c:/st/stm32cubeide_1.7.0/stm32cubeide/plugins/com.st.stm32cube.ide.mcu.externaltools.gnu-tools-for-stm32.9-2020-q2-update.win32_2.0.0.202105311346/tools/bin/../lib/gcc/arm-none-eabi/9.3.1/thumb/v7e-m+fp/hard\libgcc.a(_arm_addsubdf3.o)
                0x0000000008000280                __aeabi_drsub
                0x0000000008000288                __aeabi_dsub
                0x0000000008000288                __subdf3
                0x000000000800028c                __aeabi_dadd
                0x000000000800028c                __adddf3
                0x0000000008000504                __floatunsidf
                0x0000000008000504                __aeabi_ui2d
                0x0000000008000524                __floatsidf
                0x0000000008000524                __aeabi_i2d
                0x0000000008000548                __aeabi_f2d
                0x0000000008000548                __extendsfdf2
                0x000000000800058c                __floatundidf
                0x000000000800058c                __aeabi_ul2d
                0x000000000800059c                __floatdidf
                0x000000000800059c                __aeabi_l2d
 .text          0x00000000080005f8      0x424 c:/st/stm32cubeide_1.7.0/stm32cubeide/plugins/com.st.stm32cube.ide.mcu.externaltools.gnu-tools-for-stm32.9-2020-q2-update.win32_2.0.0.202105311346/tools/bin/../lib/gcc/arm-none-eabi/9.3.1/thumb/v7e-m+fp/hard\libgcc.a(_arm_muldivdf3.o)
                0x00000000080005f8                __aeabi_dmul
                0x00000000080005f8                __muldf3
                0x000000000800084c                __divdf3
                0x000000000800084c                __aeabi_ddiv
 .text          0x0000000008000a1c       0xa0 c:/st/stm32cubeide_1.7.0/stm32cubeide/plugins/com.st.stm32cube.ide.mcu.externaltools.gnu-tools-for-stm32.9-2020-q2-update.win32_2.0.0.202105311346/tools/bin/../lib/gcc/arm-none-eabi/9.3.1/thumb/v7e-m+fp/hard\libgcc.a(_arm_truncdfsf2.o)
                0x0000000008000a1c                __truncdfsf2
                0x0000000008000a1c                __aeabi_d2f
 .text          0x0000000008000abc       0x30 c:/st/stm32cubeide_1.7.0/stm32cubeide/plugins/com.st.stm32cube.ide.mcu.externaltools.gnu-tools-for-stm32.9-2020-q2-update.win32_2.0.0.202105311346/tools/bin/../lib/gcc/arm-none-eabi/9.3.1/thumb/v7e-m+fp/hard\libgcc.a(_aeabi_uldivmod.o)
                0x0000000008000abc                __aeabi_uldivmod
 .text          0x0000000008000aec      0x2c4 c:/st/stm32cubeide_1.7.0/stm32cubeide/plugins/com.st.stm32cube.ide.mcu.externaltools.gnu-tools-for-stm32.9-2020-q2-update.win32_2.0.0.202105311346/tools/bin/../lib/gcc/arm-none-eabi/9.3.1/thumb/v7e-m+fp/hard\libgcc.a(_udivmoddi4.o)
                0x0000000008000aec                __udivmoddi4
 .text          0x0000000008000db0        0x4 c:/st/stm32cubeide_1.7.0/stm32cubeide/plugins/com.st.stm32cube.ide.mcu.externaltools.gnu-tools-for-stm32.9-2020-q2-update.win32_2.0.0.202105311346/tools/bin/../lib/gcc/arm-none-eabi/9.3.1/thumb/v7e-m+fp/hard\libgcc.a(_dvmd_tls.o)
                0x0000000008000db0                __aeabi_idiv0
                0x0000000008000db0                __aeabi_ldiv0
 *(.text*)
 .text.playBell
                0x0000000008000db4       0x6c ./Core/Src/Buzzer.o
                0x0000000008000db4                playBell
 .text.playAlarm
                0x0000000008000e20       0x60 ./Core/Src/Buzzer.o
                0x0000000008000e20                playAlarm
 .text.DHT22_Set_Pin_Output
                0x0000000008000e80       0x3c ./Core/Src/DHT22.o
                0x0000000008000e80                DHT22_Set_Pin_Output
 .text.DHT22_Set_Pin_Input
                0x0000000008000ebc       0x3c ./Core/Src/DHT22.o
                0x0000000008000ebc                DHT22_Set_Pin_Input
 .text.DHT22_Start
                0x0000000008000ef8       0x50 ./Core/Src/DHT22.o
                0x0000000008000ef8                DHT22_Start
 .text.DHT22_Check_Response
                0x0000000008000f48       0x64 ./Core/Src/DHT22.o
                0x0000000008000f48                DHT22_Check_Response
 .text.DHT22_Read
                0x0000000008000fac       0x90 ./Core/Src/DHT22.o
                0x0000000008000fac                DHT22_Read
 .text.DHT22_getData
                0x000000000800103c       0xfc ./Core/Src/DHT22.o
                0x000000000800103c                DHT22_getData
 .text.ESP_clearBuffer
                0x0000000008001138       0x20 ./Core/Src/ESP8266_HAL.o
                0x0000000008001138                ESP_clearBuffer
 .text.ESP_Init
                0x0000000008001158      0x258 ./Core/Src/ESP8266_HAL.o
                0x0000000008001158                ESP_Init
 .text.ESP_messageHandler
                0x00000000080013b0      0xecc ./Core/Src/ESP8266_HAL.o
                0x00000000080013b0                ESP_messageHandler
 .text.ldr      0x000000000800227c       0xbc ./Core/Src/LDR.o
                0x000000000800227c                ldr
 .text.rgb_value
                0x0000000008002338      0x136 ./Core/Src/LED.o
                0x0000000008002338                rgb_value
 *fill*         0x000000000800246e        0x2 
 .text.readRFID
                0x0000000008002470       0xfc ./Core/Src/RFID.o
                0x0000000008002470                readRFID
 .text.rh_value
                0x000000000800256c      0x10e ./Core/Src/RH.o
                0x000000000800256c                rh_value
 *fill*         0x000000000800267a        0x2 
 .text.actParcelRFID
                0x000000000800267c       0x78 ./Core/Src/SG90.o
                0x000000000800267c                actParcelRFID
 .text.temp_value
                0x00000000080026f4      0x200 ./Core/Src/Temperature.o
                0x00000000080026f4                temp_value
 .text.ringInit
                0x00000000080028f4       0x90 ./Core/Src/UART_HAL.o
                0x00000000080028f4                ringInit
 .text.storeChar
                0x0000000008002984       0x46 ./Core/Src/UART_HAL.o
                0x0000000008002984                storeChar
 *fill*         0x00000000080029ca        0x2 
 .text.UART_peek
                0x00000000080029cc       0x8c ./Core/Src/UART_HAL.o
                0x00000000080029cc                UART_peek
 .text.UART_read
                0x0000000008002a58       0xc0 ./Core/Src/UART_HAL.o
                0x0000000008002a58                UART_read
 .text.UART_write
                0x0000000008002b18       0xd8 ./Core/Src/UART_HAL.o
                0x0000000008002b18                UART_write
 .text.UART_available
                0x0000000008002bf0       0x80 ./Core/Src/UART_HAL.o
                0x0000000008002bf0                UART_available
 .text.UART_send
                0x0000000008002c70       0x2e ./Core/Src/UART_HAL.o
                0x0000000008002c70                UART_send
 *fill*         0x0000000008002c9e        0x2 
 .text.UART_copyUpto
                0x0000000008002ca0       0xfc ./Core/Src/UART_HAL.o
                0x0000000008002ca0                UART_copyUpto
 .text.UART_waitFor
                0x0000000008002d9c       0xb8 ./Core/Src/UART_HAL.o
                0x0000000008002d9c                UART_waitFor
 .text.UART_isr
                0x0000000008002e54      0x154 ./Core/Src/UART_HAL.o
                0x0000000008002e54                UART_isr
 .text.draw_pixel
                0x0000000008002fa8       0xa4 ./Core/Src/gfx.o
                0x0000000008002fa8                draw_pixel
 .text.invert_pixel
                0x000000000800304c       0x74 ./Core/Src/gfx.o
                0x000000000800304c                invert_pixel
 .text.clear    0x00000000080030c0       0x50 ./Core/Src/gfx.o
                0x00000000080030c0                clear
 .text.line_v   0x0000000008003110      0x240 ./Core/Src/gfx.o
                0x0000000008003110                line_v
 .text.line_h   0x0000000008003350      0x240 ./Core/Src/gfx.o
                0x0000000008003350                line_h
 .text.graphics_Glyph
                0x0000000008003590       0xd6 ./Core/Src/gfx.o
                0x0000000008003590                graphics_Glyph
 *fill*         0x0000000008003666        0x2 
 .text.graphics_text
                0x0000000008003668      0x138 ./Core/Src/gfx.o
                0x0000000008003668                graphics_text
 .text.HAL_GPIO_EXTI_Callback
                0x00000000080037a0       0x38 ./Core/Src/main.o
                0x00000000080037a0                HAL_GPIO_EXTI_Callback
 .text.debouncer
                0x00000000080037d8       0xa0 ./Core/Src/main.o
                0x00000000080037d8                debouncer
 .text.delay    0x0000000008003878       0x34 ./Core/Src/main.o
                0x0000000008003878                delay
 .text.main     0x00000000080038ac      0xac0 ./Core/Src/main.o
                0x00000000080038ac                main
 .text.SystemClock_Config
                0x000000000800436c       0xd4 ./Core/Src/main.o
                0x000000000800436c                SystemClock_Config
 .text.MX_ADC1_Init
                0x0000000008004440       0xa4 ./Core/Src/main.o
 .text.MX_ADC2_Init
                0x00000000080044e4       0xa4 ./Core/Src/main.o
 .text.MX_ADC3_Init
                0x0000000008004588       0xa4 ./Core/Src/main.o
 .text.MX_I2C1_Init
                0x000000000800462c       0x5c ./Core/Src/main.o
 .text.MX_TIM1_Init
                0x0000000008004688      0x170 ./Core/Src/main.o
 .text.MX_TIM2_Init
                0x00000000080047f8      0x118 ./Core/Src/main.o
 .text.MX_TIM3_Init
                0x0000000008004910      0x11c ./Core/Src/main.o
 .text.MX_TIM4_Init
                0x0000000008004a2c       0xec ./Core/Src/main.o
 .text.MX_TIM5_Init
                0x0000000008004b18       0x9c ./Core/Src/main.o
 .text.MX_TIM6_Init
                0x0000000008004bb4       0x6c ./Core/Src/main.o
 .text.MX_TIM8_Init
                0x0000000008004c20       0xa0 ./Core/Src/main.o
 .text.MX_TIM9_Init
                0x0000000008004cc0       0xc8 ./Core/Src/main.o
 .text.MX_USART2_UART_Init
                0x0000000008004d88       0x54 ./Core/Src/main.o
 .text.MX_USART3_UART_Init
                0x0000000008004ddc       0x54 ./Core/Src/main.o
 .text.MX_USART6_UART_Init
                0x0000000008004e30       0x54 ./Core/Src/main.o
 .text.MX_GPIO_Init
                0x0000000008004e84      0x278 ./Core/Src/main.o
 .text.Error_Handler
                0x00000000080050fc        0xa ./Core/Src/main.o
                0x00000000080050fc                Error_Handler
 *fill*         0x0000000008005106        0x2 
 .text.ssd1306_command
                0x0000000008005108       0x30 ./Core/Src/ssd1306.o
                0x0000000008005108                ssd1306_command
 .text.oled_update
                0x0000000008005138       0xa8 ./Core/Src/ssd1306.o
                0x0000000008005138                oled_update
 .text.oled_init
                0x00000000080051e0       0xe4 ./Core/Src/ssd1306.o
                0x00000000080051e0                oled_init
 .text.HAL_MspInit
                0x00000000080052c4       0x50 ./Core/Src/stm32f4xx_hal_msp.o
                0x00000000080052c4                HAL_MspInit
 .text.HAL_ADC_MspInit
                0x0000000008005314      0x150 ./Core/Src/stm32f4xx_hal_msp.o
                0x0000000008005314                HAL_ADC_MspInit
 .text.HAL_I2C_MspInit
                0x0000000008005464       0x90 ./Core/Src/stm32f4xx_hal_msp.o
                0x0000000008005464                HAL_I2C_MspInit
 .text.HAL_TIM_Base_MspInit
                0x00000000080054f4      0x174 ./Core/Src/stm32f4xx_hal_msp.o
                0x00000000080054f4                HAL_TIM_Base_MspInit
 .text.HAL_TIM_MspPostInit
                0x0000000008005668      0x230 ./Core/Src/stm32f4xx_hal_msp.o
                0x0000000008005668                HAL_TIM_MspPostInit
 .text.HAL_UART_MspInit
                0x0000000008005898      0x1cc ./Core/Src/stm32f4xx_hal_msp.o
                0x0000000008005898                HAL_UART_MspInit
 .text.NMI_Handler
                0x0000000008005a64        0x6 ./Core/Src/stm32f4xx_it.o
                0x0000000008005a64                NMI_Handler
 .text.HardFault_Handler
                0x0000000008005a6a        0x6 ./Core/Src/stm32f4xx_it.o
                0x0000000008005a6a                HardFault_Handler
 .text.MemManage_Handler
                0x0000000008005a70        0x6 ./Core/Src/stm32f4xx_it.o
                0x0000000008005a70                MemManage_Handler
 .text.BusFault_Handler
                0x0000000008005a76        0x6 ./Core/Src/stm32f4xx_it.o
                0x0000000008005a76                BusFault_Handler
 .text.UsageFault_Handler
                0x0000000008005a7c        0x6 ./Core/Src/stm32f4xx_it.o
                0x0000000008005a7c                UsageFault_Handler
 .text.SVC_Handler
                0x0000000008005a82        0xe ./Core/Src/stm32f4xx_it.o
                0x0000000008005a82                SVC_Handler
 .text.DebugMon_Handler
                0x0000000008005a90        0xe ./Core/Src/stm32f4xx_it.o
                0x0000000008005a90                DebugMon_Handler
 .text.PendSV_Handler
                0x0000000008005a9e        0xe ./Core/Src/stm32f4xx_it.o
                0x0000000008005a9e                PendSV_Handler
 .text.SysTick_Handler
                0x0000000008005aac        0xc ./Core/Src/stm32f4xx_it.o
                0x0000000008005aac                SysTick_Handler
 .text.EXTI0_IRQHandler
                0x0000000008005ab8        0xe ./Core/Src/stm32f4xx_it.o
                0x0000000008005ab8                EXTI0_IRQHandler
 .text.EXTI1_IRQHandler
                0x0000000008005ac6        0xe ./Core/Src/stm32f4xx_it.o
                0x0000000008005ac6                EXTI1_IRQHandler
 .text.EXTI3_IRQHandler
                0x0000000008005ad4        0xe ./Core/Src/stm32f4xx_it.o
                0x0000000008005ad4                EXTI3_IRQHandler
 .text.EXTI4_IRQHandler
                0x0000000008005ae2        0xe ./Core/Src/stm32f4xx_it.o
                0x0000000008005ae2                EXTI4_IRQHandler
 .text.EXTI9_5_IRQHandler
                0x0000000008005af0        0xe ./Core/Src/stm32f4xx_it.o
                0x0000000008005af0                EXTI9_5_IRQHandler
 *fill*         0x0000000008005afe        0x2 
 .text.USART2_IRQHandler
                0x0000000008005b00       0x18 ./Core/Src/stm32f4xx_it.o
                0x0000000008005b00                USART2_IRQHandler
 .text.EXTI15_10_IRQHandler
                0x0000000008005b18       0x18 ./Core/Src/stm32f4xx_it.o
                0x0000000008005b18                EXTI15_10_IRQHandler
 .text.USART6_IRQHandler
                0x0000000008005b30       0x18 ./Core/Src/stm32f4xx_it.o
                0x0000000008005b30                USART6_IRQHandler
 .text._sbrk    0x0000000008005b48       0x6c ./Core/Src/sysmem.o
                0x0000000008005b48                _sbrk
 .text.SystemInit
                0x0000000008005bb4       0x24 ./Core/Src/system_stm32f4xx.o
                0x0000000008005bb4                SystemInit
 .text.Reset_Handler
                0x0000000008005bd8       0x50 ./Core/Startup/startup_stm32f407vgtx.o
                0x0000000008005bd8                Reset_Handler
 .text.Default_Handler
                0x0000000008005c28        0x2 ./Core/Startup/startup_stm32f407vgtx.o
                0x0000000008005c28                RTC_Alarm_IRQHandler
                0x0000000008005c28                HASH_RNG_IRQHandler
                0x0000000008005c28                EXTI2_IRQHandler
                0x0000000008005c28                TIM8_CC_IRQHandler
                0x0000000008005c28                TIM1_CC_IRQHandler
                0x0000000008005c28                DMA2_Stream5_IRQHandler
                0x0000000008005c28                DMA1_Stream5_IRQHandler
                0x0000000008005c28                PVD_IRQHandler
                0x0000000008005c28                SDIO_IRQHandler
                0x0000000008005c28                TAMP_STAMP_IRQHandler
                0x0000000008005c28                CAN2_RX1_IRQHandler
                0x0000000008005c28                TIM8_TRG_COM_TIM14_IRQHandler
                0x0000000008005c28                TIM1_UP_TIM10_IRQHandler
                0x0000000008005c28                TIM8_UP_TIM13_IRQHandler
                0x0000000008005c28                I2C3_ER_IRQHandler
                0x0000000008005c28                I2C2_EV_IRQHandler
                0x0000000008005c28                DMA1_Stream2_IRQHandler
                0x0000000008005c28                CAN1_RX0_IRQHandler
                0x0000000008005c28                FPU_IRQHandler
                0x0000000008005c28                OTG_HS_WKUP_IRQHandler
                0x0000000008005c28                CAN2_SCE_IRQHandler
                0x0000000008005c28                DMA2_Stream2_IRQHandler
                0x0000000008005c28                SPI1_IRQHandler
                0x0000000008005c28                TIM6_DAC_IRQHandler
                0x0000000008005c28                TIM1_BRK_TIM9_IRQHandler
                0x0000000008005c28                DCMI_IRQHandler
                0x0000000008005c28                CAN2_RX0_IRQHandler
                0x0000000008005c28                DMA2_Stream3_IRQHandler
                0x0000000008005c28                USART3_IRQHandler
                0x0000000008005c28                CAN1_RX1_IRQHandler
                0x0000000008005c28                UART5_IRQHandler
                0x0000000008005c28                DMA2_Stream0_IRQHandler
                0x0000000008005c28                TIM4_IRQHandler
                0x0000000008005c28                I2C1_EV_IRQHandler
                0x0000000008005c28                DMA1_Stream6_IRQHandler
                0x0000000008005c28                DMA1_Stream1_IRQHandler
                0x0000000008005c28                UART4_IRQHandler
                0x0000000008005c28                TIM3_IRQHandler
                0x0000000008005c28                RCC_IRQHandler
                0x0000000008005c28                TIM8_BRK_TIM12_IRQHandler
                0x0000000008005c28                Default_Handler
                0x0000000008005c28                ADC_IRQHandler
                0x0000000008005c28                DMA1_Stream7_IRQHandler
                0x0000000008005c28                TIM7_IRQHandler
                0x0000000008005c28                CAN2_TX_IRQHandler
                0x0000000008005c28                TIM5_IRQHandler
                0x0000000008005c28                DMA2_Stream7_IRQHandler
                0x0000000008005c28                I2C3_EV_IRQHandler
                0x0000000008005c28                RTC_WKUP_IRQHandler
                0x0000000008005c28                ETH_WKUP_IRQHandler
                0x0000000008005c28                SPI2_IRQHandler
                0x0000000008005c28                OTG_HS_EP1_IN_IRQHandler
                0x0000000008005c28                DMA1_Stream0_IRQHandler
                0x0000000008005c28                CAN1_TX_IRQHandler
                0x0000000008005c28                FSMC_IRQHandler
                0x0000000008005c28                ETH_IRQHandler
                0x0000000008005c28                OTG_HS_EP1_OUT_IRQHandler
                0x0000000008005c28                WWDG_IRQHandler
                0x0000000008005c28                TIM2_IRQHandler
                0x0000000008005c28                OTG_FS_WKUP_IRQHandler
                0x0000000008005c28                TIM1_TRG_COM_TIM11_IRQHandler
                0x0000000008005c28                OTG_HS_IRQHandler
                0x0000000008005c28                I2C2_ER_IRQHandler
                0x0000000008005c28                DMA2_Stream1_IRQHandler
                0x0000000008005c28                CAN1_SCE_IRQHandler
                0x0000000008005c28                FLASH_IRQHandler
                0x0000000008005c28                DMA2_Stream4_IRQHandler
                0x0000000008005c28                USART1_IRQHandler
                0x0000000008005c28                OTG_FS_IRQHandler
                0x0000000008005c28                SPI3_IRQHandler
                0x0000000008005c28                DMA1_Stream4_IRQHandler
                0x0000000008005c28                I2C1_ER_IRQHandler
                0x0000000008005c28                DMA2_Stream6_IRQHandler
                0x0000000008005c28                DMA1_Stream3_IRQHandler
 *fill*         0x0000000008005c2a        0x2 
 .text.HAL_Init
                0x0000000008005c2c       0x44 ./Drivers/STM32F4xx_HAL_Driver/Src/stm32f4xx_hal.o
                0x0000000008005c2c                HAL_Init
 .text.HAL_InitTick
                0x0000000008005c70       0x60 ./Drivers/STM32F4xx_HAL_Driver/Src/stm32f4xx_hal.o
                0x0000000008005c70                HAL_InitTick
 .text.HAL_IncTick
                0x0000000008005cd0       0x28 ./Drivers/STM32F4xx_HAL_Driver/Src/stm32f4xx_hal.o
                0x0000000008005cd0                HAL_IncTick
 .text.HAL_GetTick
                0x0000000008005cf8       0x18 ./Drivers/STM32F4xx_HAL_Driver/Src/stm32f4xx_hal.o
                0x0000000008005cf8                HAL_GetTick
 .text.HAL_Delay
                0x0000000008005d10       0x48 ./Drivers/STM32F4xx_HAL_Driver/Src/stm32f4xx_hal.o
                0x0000000008005d10                HAL_Delay
 .text.HAL_ADC_Init
                0x0000000008005d58       0x86 ./Drivers/STM32F4xx_HAL_Driver/Src/stm32f4xx_hal_adc.o
                0x0000000008005d58                HAL_ADC_Init
 *fill*         0x0000000008005dde        0x2 
 .text.HAL_ADC_Start
                0x0000000008005de0      0x1a4 ./Drivers/STM32F4xx_HAL_Driver/Src/stm32f4xx_hal_adc.o
                0x0000000008005de0                HAL_ADC_Start
 .text.HAL_ADC_PollForConversion
                0x0000000008005f84      0x116 ./Drivers/STM32F4xx_HAL_Driver/Src/stm32f4xx_hal_adc.o
                0x0000000008005f84                HAL_ADC_PollForConversion
 .text.HAL_ADC_GetValue
                0x000000000800609a       0x1a ./Drivers/STM32F4xx_HAL_Driver/Src/stm32f4xx_hal_adc.o
                0x000000000800609a                HAL_ADC_GetValue
 .text.HAL_ADC_ConfigChannel
                0x00000000080060b4      0x244 ./Drivers/STM32F4xx_HAL_Driver/Src/stm32f4xx_hal_adc.o
                0x00000000080060b4                HAL_ADC_ConfigChannel
 .text.ADC_Init
                0x00000000080062f8      0x1f8 ./Drivers/STM32F4xx_HAL_Driver/Src/stm32f4xx_hal_adc.o
 .text.__NVIC_SetPriorityGrouping
                0x00000000080064f0       0x48 ./Drivers/STM32F4xx_HAL_Driver/Src/stm32f4xx_hal_cortex.o
 .text.__NVIC_GetPriorityGrouping
                0x0000000008006538       0x1c ./Drivers/STM32F4xx_HAL_Driver/Src/stm32f4xx_hal_cortex.o
 .text.__NVIC_EnableIRQ
                0x0000000008006554       0x3c ./Drivers/STM32F4xx_HAL_Driver/Src/stm32f4xx_hal_cortex.o
 .text.__NVIC_SetPriority
                0x0000000008006590       0x54 ./Drivers/STM32F4xx_HAL_Driver/Src/stm32f4xx_hal_cortex.o
 .text.NVIC_EncodePriority
                0x00000000080065e4       0x66 ./Drivers/STM32F4xx_HAL_Driver/Src/stm32f4xx_hal_cortex.o
 *fill*         0x000000000800664a        0x2 
 .text.SysTick_Config
                0x000000000800664c       0x44 ./Drivers/STM32F4xx_HAL_Driver/Src/stm32f4xx_hal_cortex.o
 .text.HAL_NVIC_SetPriorityGrouping
                0x0000000008006690       0x16 ./Drivers/STM32F4xx_HAL_Driver/Src/stm32f4xx_hal_cortex.o
                0x0000000008006690                HAL_NVIC_SetPriorityGrouping
 .text.HAL_NVIC_SetPriority
                0x00000000080066a6       0x38 ./Drivers/STM32F4xx_HAL_Driver/Src/stm32f4xx_hal_cortex.o
                0x00000000080066a6                HAL_NVIC_SetPriority
 .text.HAL_NVIC_EnableIRQ
                0x00000000080066de       0x1c ./Drivers/STM32F4xx_HAL_Driver/Src/stm32f4xx_hal_cortex.o
                0x00000000080066de                HAL_NVIC_EnableIRQ
 .text.HAL_SYSTICK_Config
                0x00000000080066fa       0x18 ./Drivers/STM32F4xx_HAL_Driver/Src/stm32f4xx_hal_cortex.o
                0x00000000080066fa                HAL_SYSTICK_Config
 .text.HAL_DMA_Abort
                0x0000000008006712       0xe0 ./Drivers/STM32F4xx_HAL_Driver/Src/stm32f4xx_hal_dma.o
                0x0000000008006712                HAL_DMA_Abort
 .text.HAL_DMA_Abort_IT
                0x00000000080067f2       0x44 ./Drivers/STM32F4xx_HAL_Driver/Src/stm32f4xx_hal_dma.o
                0x00000000080067f2                HAL_DMA_Abort_IT
 *fill*         0x0000000008006836        0x2 
 .text.HAL_GPIO_Init
                0x0000000008006838      0x338 ./Drivers/STM32F4xx_HAL_Driver/Src/stm32f4xx_hal_gpio.o
                0x0000000008006838                HAL_GPIO_Init
 .text.HAL_GPIO_ReadPin
                0x0000000008006b70       0x30 ./Drivers/STM32F4xx_HAL_Driver/Src/stm32f4xx_hal_gpio.o
                0x0000000008006b70                HAL_GPIO_ReadPin
 .text.HAL_GPIO_WritePin
                0x0000000008006ba0       0x32 ./Drivers/STM32F4xx_HAL_Driver/Src/stm32f4xx_hal_gpio.o
                0x0000000008006ba0                HAL_GPIO_WritePin
 *fill*         0x0000000008006bd2        0x2 
 .text.HAL_GPIO_EXTI_IRQHandler
                0x0000000008006bd4       0x30 ./Drivers/STM32F4xx_HAL_Driver/Src/stm32f4xx_hal_gpio.o
                0x0000000008006bd4                HAL_GPIO_EXTI_IRQHandler
 .text.HAL_I2C_Init
                0x0000000008006c04      0x288 ./Drivers/STM32F4xx_HAL_Driver/Src/stm32f4xx_hal_i2c.o
                0x0000000008006c04                HAL_I2C_Init
 .text.HAL_I2C_Master_Transmit
                0x0000000008006e8c      0x1fc ./Drivers/STM32F4xx_HAL_Driver/Src/stm32f4xx_hal_i2c.o
                0x0000000008006e8c                HAL_I2C_Master_Transmit
 .text.I2C_MasterRequestWrite
                0x0000000008007088      0x104 ./Drivers/STM32F4xx_HAL_Driver/Src/stm32f4xx_hal_i2c.o
 .text.I2C_WaitOnFlagUntilTimeout
                0x000000000800718c       0xae ./Drivers/STM32F4xx_HAL_Driver/Src/stm32f4xx_hal_i2c.o
 .text.I2C_WaitOnMasterAddressFlagUntilTimeout
                0x000000000800723a       0xfe ./Drivers/STM32F4xx_HAL_Driver/Src/stm32f4xx_hal_i2c.o
 .text.I2C_WaitOnTXEFlagUntilTimeout
                0x0000000008007338       0x82 ./Drivers/STM32F4xx_HAL_Driver/Src/stm32f4xx_hal_i2c.o
 .text.I2C_WaitOnBTFFlagUntilTimeout
                0x00000000080073ba       0x82 ./Drivers/STM32F4xx_HAL_Driver/Src/stm32f4xx_hal_i2c.o
 .text.I2C_IsAcknowledgeFailed
                0x000000000800743c       0x5e ./Drivers/STM32F4xx_HAL_Driver/Src/stm32f4xx_hal_i2c.o
 *fill*         0x000000000800749a        0x2 
 .text.HAL_RCC_OscConfig
                0x000000000800749c      0x4f0 ./Drivers/STM32F4xx_HAL_Driver/Src/stm32f4xx_hal_rcc.o
                0x000000000800749c                HAL_RCC_OscConfig
 .text.HAL_RCC_ClockConfig
                0x000000000800798c      0x1cc ./Drivers/STM32F4xx_HAL_Driver/Src/stm32f4xx_hal_rcc.o
                0x000000000800798c                HAL_RCC_ClockConfig
 .text.HAL_RCC_GetSysClockFreq
                0x0000000008007b58      0x1c4 ./Drivers/STM32F4xx_HAL_Driver/Src/stm32f4xx_hal_rcc.o
                0x0000000008007b58                HAL_RCC_GetSysClockFreq
 .text.HAL_RCC_GetHCLKFreq
                0x0000000008007d1c       0x18 ./Drivers/STM32F4xx_HAL_Driver/Src/stm32f4xx_hal_rcc.o
                0x0000000008007d1c                HAL_RCC_GetHCLKFreq
 .text.HAL_RCC_GetPCLK1Freq
                0x0000000008007d34       0x28 ./Drivers/STM32F4xx_HAL_Driver/Src/stm32f4xx_hal_rcc.o
                0x0000000008007d34                HAL_RCC_GetPCLK1Freq
 .text.HAL_RCC_GetPCLK2Freq
                0x0000000008007d5c       0x28 ./Drivers/STM32F4xx_HAL_Driver/Src/stm32f4xx_hal_rcc.o
                0x0000000008007d5c                HAL_RCC_GetPCLK2Freq
 .text.HAL_TIM_Base_Init
                0x0000000008007d84       0x9e ./Drivers/STM32F4xx_HAL_Driver/Src/stm32f4xx_hal_tim.o
                0x0000000008007d84                HAL_TIM_Base_Init
 *fill*         0x0000000008007e22        0x2 
 .text.HAL_TIM_Base_Start
                0x0000000008007e24       0xd0 ./Drivers/STM32F4xx_HAL_Driver/Src/stm32f4xx_hal_tim.o
                0x0000000008007e24                HAL_TIM_Base_Start
 .text.HAL_TIM_PWM_Init
                0x0000000008007ef4       0x9e ./Drivers/STM32F4xx_HAL_Driver/Src/stm32f4xx_hal_tim.o
                0x0000000008007ef4                HAL_TIM_PWM_Init
 .text.HAL_TIM_PWM_MspInit
                0x0000000008007f92       0x14 ./Drivers/STM32F4xx_HAL_Driver/Src/stm32f4xx_hal_tim.o
                0x0000000008007f92                HAL_TIM_PWM_MspInit
 *fill*         0x0000000008007fa6        0x2 
 .text.HAL_TIM_PWM_Start
                0x0000000008007fa8      0x190 ./Drivers/STM32F4xx_HAL_Driver/Src/stm32f4xx_hal_tim.o
                0x0000000008007fa8                HAL_TIM_PWM_Start
 .text.HAL_TIM_PWM_ConfigChannel
                0x0000000008008138      0x184 ./Drivers/STM32F4xx_HAL_Driver/Src/stm32f4xx_hal_tim.o
                0x0000000008008138                HAL_TIM_PWM_ConfigChannel
 .text.HAL_TIM_ConfigClockSource
                0x00000000080082bc      0x18e ./Drivers/STM32F4xx_HAL_Driver/Src/stm32f4xx_hal_tim.o
                0x00000000080082bc                HAL_TIM_ConfigClockSource
 *fill*         0x000000000800844a        0x2 
 .text.TIM_Base_SetConfig
                0x000000000800844c      0x140 ./Drivers/STM32F4xx_HAL_Driver/Src/stm32f4xx_hal_tim.o
                0x000000000800844c                TIM_Base_SetConfig
 .text.TIM_OC1_SetConfig
                0x000000000800858c       0xe0 ./Drivers/STM32F4xx_HAL_Driver/Src/stm32f4xx_hal_tim.o
 .text.TIM_OC2_SetConfig
                0x000000000800866c       0xec ./Drivers/STM32F4xx_HAL_Driver/Src/stm32f4xx_hal_tim.o
                0x000000000800866c                TIM_OC2_SetConfig
 .text.TIM_OC3_SetConfig
                0x0000000008008758       0xe8 ./Drivers/STM32F4xx_HAL_Driver/Src/stm32f4xx_hal_tim.o
 .text.TIM_OC4_SetConfig
                0x0000000008008840       0xac ./Drivers/STM32F4xx_HAL_Driver/Src/stm32f4xx_hal_tim.o
 .text.TIM_TI1_ConfigInputStage
                0x00000000080088ec       0x5e ./Drivers/STM32F4xx_HAL_Driver/Src/stm32f4xx_hal_tim.o
 .text.TIM_TI2_ConfigInputStage
                0x000000000800894a       0x60 ./Drivers/STM32F4xx_HAL_Driver/Src/stm32f4xx_hal_tim.o
 .text.TIM_ITRx_SetConfig
                0x00000000080089aa       0x36 ./Drivers/STM32F4xx_HAL_Driver/Src/stm32f4xx_hal_tim.o
 .text.TIM_ETR_SetConfig
                0x00000000080089e0       0x40 ./Drivers/STM32F4xx_HAL_Driver/Src/stm32f4xx_hal_tim.o
                0x00000000080089e0                TIM_ETR_SetConfig
 .text.TIM_CCxChannelCmd
                0x0000000008008a20       0x4a ./Drivers/STM32F4xx_HAL_Driver/Src/stm32f4xx_hal_tim.o
                0x0000000008008a20                TIM_CCxChannelCmd
 *fill*         0x0000000008008a6a        0x2 
 .text.HAL_TIMEx_MasterConfigSynchronization
                0x0000000008008a6c       0xf8 ./Drivers/STM32F4xx_HAL_Driver/Src/stm32f4xx_hal_tim_ex.o
                0x0000000008008a6c                HAL_TIMEx_MasterConfigSynchronization
 .text.HAL_TIMEx_ConfigBreakDeadTime
                0x0000000008008b64       0xa4 ./Drivers/STM32F4xx_HAL_Driver/Src/stm32f4xx_hal_tim_ex.o
                0x0000000008008b64                HAL_TIMEx_ConfigBreakDeadTime
 .text.HAL_UART_Init
                0x0000000008008c08       0x9a ./Drivers/STM32F4xx_HAL_Driver/Src/stm32f4xx_hal_uart.o
                0x0000000008008c08                HAL_UART_Init
 .text.HAL_UART_Transmit
                0x0000000008008ca2      0x124 ./Drivers/STM32F4xx_HAL_Driver/Src/stm32f4xx_hal_uart.o
                0x0000000008008ca2                HAL_UART_Transmit
 .text.HAL_UART_Receive
                0x0000000008008dc6      0x144 ./Drivers/STM32F4xx_HAL_Driver/Src/stm32f4xx_hal_uart.o
                0x0000000008008dc6                HAL_UART_Receive
 *fill*         0x0000000008008f0a        0x2 
 .text.HAL_UART_IRQHandler
                0x0000000008008f0c      0x51c ./Drivers/STM32F4xx_HAL_Driver/Src/stm32f4xx_hal_uart.o
                0x0000000008008f0c                HAL_UART_IRQHandler
 .text.HAL_UART_TxCpltCallback
                0x0000000008009428       0x14 ./Drivers/STM32F4xx_HAL_Driver/Src/stm32f4xx_hal_uart.o
                0x0000000008009428                HAL_UART_TxCpltCallback
 .text.HAL_UART_RxCpltCallback
                0x000000000800943c       0x14 ./Drivers/STM32F4xx_HAL_Driver/Src/stm32f4xx_hal_uart.o
                0x000000000800943c                HAL_UART_RxCpltCallback
 .text.HAL_UART_ErrorCallback
                0x0000000008009450       0x14 ./Drivers/STM32F4xx_HAL_Driver/Src/stm32f4xx_hal_uart.o
                0x0000000008009450                HAL_UART_ErrorCallback
 .text.HAL_UARTEx_RxEventCallback
                0x0000000008009464       0x18 ./Drivers/STM32F4xx_HAL_Driver/Src/stm32f4xx_hal_uart.o
                0x0000000008009464                HAL_UARTEx_RxEventCallback
 .text.UART_WaitOnFlagUntilTimeout
                0x000000000800947c       0xdc ./Drivers/STM32F4xx_HAL_Driver/Src/stm32f4xx_hal_uart.o
 .text.UART_EndRxTransfer
                0x0000000008009558       0xc6 ./Drivers/STM32F4xx_HAL_Driver/Src/stm32f4xx_hal_uart.o
 .text.UART_DMAAbortOnError
                0x000000000800961e       0x28 ./Drivers/STM32F4xx_HAL_Driver/Src/stm32f4xx_hal_uart.o
 .text.UART_Transmit_IT
                0x0000000008009646       0xa0 ./Drivers/STM32F4xx_HAL_Driver/Src/stm32f4xx_hal_uart.o
 .text.UART_EndTransmit_IT
                0x00000000080096e6       0x30 ./Drivers/STM32F4xx_HAL_Driver/Src/stm32f4xx_hal_uart.o
 .text.UART_Receive_IT
                0x0000000008009716      0x176 ./Drivers/STM32F4xx_HAL_Driver/Src/stm32f4xx_hal_uart.o
 .text.UART_SetConfig
                0x000000000800988c      0x390 ./Drivers/STM32F4xx_HAL_Driver/Src/stm32f4xx_hal_uart.o
 .text.__errno  0x0000000008009c1c        0xc c:/st/stm32cubeide_1.7.0/stm32cubeide/plugins/com.st.stm32cube.ide.mcu.externaltools.gnu-tools-for-stm32.9-2020-q2-update.win32_2.0.0.202105311346/tools/bin/../lib/gcc/arm-none-eabi/9.3.1/../../../../arm-none-eabi/lib/thumb/v7e-m+fp/hard\libc_nano.a(lib_a-errno.o)
                0x0000000008009c1c                __errno
 .text.__libc_init_array
                0x0000000008009c28       0x48 c:/st/stm32cubeide_1.7.0/stm32cubeide/plugins/com.st.stm32cube.ide.mcu.externaltools.gnu-tools-for-stm32.9-2020-q2-update.win32_2.0.0.202105311346/tools/bin/../lib/gcc/arm-none-eabi/9.3.1/../../../../arm-none-eabi/lib/thumb/v7e-m+fp/hard\libc_nano.a(lib_a-init.o)
                0x0000000008009c28                __libc_init_array
 .text.__itoa   0x0000000008009c70       0x30 c:/st/stm32cubeide_1.7.0/stm32cubeide/plugins/com.st.stm32cube.ide.mcu.externaltools.gnu-tools-for-stm32.9-2020-q2-update.win32_2.0.0.202105311346/tools/bin/../lib/gcc/arm-none-eabi/9.3.1/../../../../arm-none-eabi/lib/thumb/v7e-m+fp/hard\libc_nano.a(lib_a-itoa.o)
                0x0000000008009c70                __itoa
 .text.itoa     0x0000000008009ca0        0x4 c:/st/stm32cubeide_1.7.0/stm32cubeide/plugins/com.st.stm32cube.ide.mcu.externaltools.gnu-tools-for-stm32.9-2020-q2-update.win32_2.0.0.202105311346/tools/bin/../lib/gcc/arm-none-eabi/9.3.1/../../../../arm-none-eabi/lib/thumb/v7e-m+fp/hard\libc_nano.a(lib_a-itoa.o)
                0x0000000008009ca0                itoa
 .text.memset   0x0000000008009ca4       0x10 c:/st/stm32cubeide_1.7.0/stm32cubeide/plugins/com.st.stm32cube.ide.mcu.externaltools.gnu-tools-for-stm32.9-2020-q2-update.win32_2.0.0.202105311346/tools/bin/../lib/gcc/arm-none-eabi/9.3.1/../../../../arm-none-eabi/lib/thumb/v7e-m+fp/hard\libc_nano.a(lib_a-memset.o)
                0x0000000008009ca4                memset
 .text.sprintf  0x0000000008009cb4       0x40 c:/st/stm32cubeide_1.7.0/stm32cubeide/plugins/com.st.stm32cube.ide.mcu.externaltools.gnu-tools-for-stm32.9-2020-q2-update.win32_2.0.0.202105311346/tools/bin/../lib/gcc/arm-none-eabi/9.3.1/../../../../arm-none-eabi/lib/thumb/v7e-m+fp/hard\libc_nano.a(lib_a-sprintf.o)
                0x0000000008009cb4                siprintf
                0x0000000008009cb4                sprintf
 .text.__utoa   0x0000000008009cf4       0x84 c:/st/stm32cubeide_1.7.0/stm32cubeide/plugins/com.st.stm32cube.ide.mcu.externaltools.gnu-tools-for-stm32.9-2020-q2-update.win32_2.0.0.202105311346/tools/bin/../lib/gcc/arm-none-eabi/9.3.1/../../../../arm-none-eabi/lib/thumb/v7e-m+fp/hard\libc_nano.a(lib_a-utoa.o)
                0x0000000008009cf4                __utoa
 .text.__ssputs_r
                0x0000000008009d78       0xb6 c:/st/stm32cubeide_1.7.0/stm32cubeide/plugins/com.st.stm32cube.ide.mcu.externaltools.gnu-tools-for-stm32.9-2020-q2-update.win32_2.0.0.202105311346/tools/bin/../lib/gcc/arm-none-eabi/9.3.1/../../../../arm-none-eabi/lib/thumb/v7e-m+fp/hard\libc_nano.a(lib_a-nano-svfprintf.o)
                0x0000000008009d78                __ssputs_r
 *fill*         0x0000000008009e2e        0x2 
 .text._svfprintf_r
                0x0000000008009e30      0x200 c:/st/stm32cubeide_1.7.0/stm32cubeide/plugins/com.st.stm32cube.ide.mcu.externaltools.gnu-tools-for-stm32.9-2020-q2-update.win32_2.0.0.202105311346/tools/bin/../lib/gcc/arm-none-eabi/9.3.1/../../../../arm-none-eabi/lib/thumb/v7e-m+fp/hard\libc_nano.a(lib_a-nano-svfprintf.o)
                0x0000000008009e30                _svfiprintf_r
                0x0000000008009e30                _svfprintf_r
 .text._printf_common
                0x000000000800a030       0xda c:/st/stm32cubeide_1.7.0/stm32cubeide/plugins/com.st.stm32cube.ide.mcu.externaltools.gnu-tools-for-stm32.9-2020-q2-update.win32_2.0.0.202105311346/tools/bin/../lib/gcc/arm-none-eabi/9.3.1/../../../../arm-none-eabi/lib/thumb/v7e-m+fp/hard\libc_nano.a(lib_a-nano-vfprintf_i.o)
                0x000000000800a030                _printf_common
 *fill*         0x000000000800a10a        0x2 
 .text._printf_i
                0x000000000800a10c      0x24c c:/st/stm32cubeide_1.7.0/stm32cubeide/plugins/com.st.stm32cube.ide.mcu.externaltools.gnu-tools-for-stm32.9-2020-q2-update.win32_2.0.0.202105311346/tools/bin/../lib/gcc/arm-none-eabi/9.3.1/../../../../arm-none-eabi/lib/thumb/v7e-m+fp/hard\libc_nano.a(lib_a-nano-vfprintf_i.o)
                0x000000000800a10c                _printf_i
 .text.memcpy   0x000000000800a358       0x1c c:/st/stm32cubeide_1.7.0/stm32cubeide/plugins/com.st.stm32cube.ide.mcu.externaltools.gnu-tools-for-stm32.9-2020-q2-update.win32_2.0.0.202105311346/tools/bin/../lib/gcc/arm-none-eabi/9.3.1/../../../../arm-none-eabi/lib/thumb/v7e-m+fp/hard\libc_nano.a(lib_a-memcpy-stub.o)
                0x000000000800a358                memcpy
 .text.memmove  0x000000000800a374       0x34 c:/st/stm32cubeide_1.7.0/stm32cubeide/plugins/com.st.stm32cube.ide.mcu.externaltools.gnu-tools-for-stm32.9-2020-q2-update.win32_2.0.0.202105311346/tools/bin/../lib/gcc/arm-none-eabi/9.3.1/../../../../arm-none-eabi/lib/thumb/v7e-m+fp/hard\libc_nano.a(lib_a-memmove.o)
                0x000000000800a374                memmove
 .text._free_r  0x000000000800a3a8       0xa0 c:/st/stm32cubeide_1.7.0/stm32cubeide/plugins/com.st.stm32cube.ide.mcu.externaltools.gnu-tools-for-stm32.9-2020-q2-update.win32_2.0.0.202105311346/tools/bin/../lib/gcc/arm-none-eabi/9.3.1/../../../../arm-none-eabi/lib/thumb/v7e-m+fp/hard\libc_nano.a(lib_a-nano-freer.o)
                0x000000000800a3a8                _free_r
 .text._malloc_r
                0x000000000800a448       0xb4 c:/st/stm32cubeide_1.7.0/stm32cubeide/plugins/com.st.stm32cube.ide.mcu.externaltools.gnu-tools-for-stm32.9-2020-q2-update.win32_2.0.0.202105311346/tools/bin/../lib/gcc/arm-none-eabi/9.3.1/../../../../arm-none-eabi/lib/thumb/v7e-m+fp/hard\libc_nano.a(lib_a-nano-mallocr.o)
                0x000000000800a448                _malloc_r
 .text._realloc_r
                0x000000000800a4fc       0x4c c:/st/stm32cubeide_1.7.0/stm32cubeide/plugins/com.st.stm32cube.ide.mcu.externaltools.gnu-tools-for-stm32.9-2020-q2-update.win32_2.0.0.202105311346/tools/bin/../lib/gcc/arm-none-eabi/9.3.1/../../../../arm-none-eabi/lib/thumb/v7e-m+fp/hard\libc_nano.a(lib_a-nano-reallocr.o)
                0x000000000800a4fc                _realloc_r
 .text._sbrk_r  0x000000000800a548       0x20 c:/st/stm32cubeide_1.7.0/stm32cubeide/plugins/com.st.stm32cube.ide.mcu.externaltools.gnu-tools-for-stm32.9-2020-q2-update.win32_2.0.0.202105311346/tools/bin/../lib/gcc/arm-none-eabi/9.3.1/../../../../arm-none-eabi/lib/thumb/v7e-m+fp/hard\libc_nano.a(lib_a-sbrkr.o)
                0x000000000800a548                _sbrk_r
 .text.__malloc_lock
                0x000000000800a568        0xc c:/st/stm32cubeide_1.7.0/stm32cubeide/plugins/com.st.stm32cube.ide.mcu.externaltools.gnu-tools-for-stm32.9-2020-q2-update.win32_2.0.0.202105311346/tools/bin/../lib/gcc/arm-none-eabi/9.3.1/../../../../arm-none-eabi/lib/thumb/v7e-m+fp/hard\libc_nano.a(lib_a-mlock.o)
                0x000000000800a568                __malloc_lock
 .text.__malloc_unlock
                0x000000000800a574        0xc c:/st/stm32cubeide_1.7.0/stm32cubeide/plugins/com.st.stm32cube.ide.mcu.externaltools.gnu-tools-for-stm32.9-2020-q2-update.win32_2.0.0.202105311346/tools/bin/../lib/gcc/arm-none-eabi/9.3.1/../../../../arm-none-eabi/lib/thumb/v7e-m+fp/hard\libc_nano.a(lib_a-mlock.o)
                0x000000000800a574                __malloc_unlock
 .text._malloc_usable_size_r
                0x000000000800a580       0x10 c:/st/stm32cubeide_1.7.0/stm32cubeide/plugins/com.st.stm32cube.ide.mcu.externaltools.gnu-tools-for-stm32.9-2020-q2-update.win32_2.0.0.202105311346/tools/bin/../lib/gcc/arm-none-eabi/9.3.1/../../../../arm-none-eabi/lib/thumb/v7e-m+fp/hard\libc_nano.a(lib_a-nano-msizer.o)
                0x000000000800a580                _malloc_usable_size_r
 .text.__retarget_lock_acquire_recursive
                0x000000000800a590        0x2 c:/st/stm32cubeide_1.7.0/stm32cubeide/plugins/com.st.stm32cube.ide.mcu.externaltools.gnu-tools-for-stm32.9-2020-q2-update.win32_2.0.0.202105311346/tools/bin/../lib/gcc/arm-none-eabi/9.3.1/../../../../arm-none-eabi/lib/thumb/v7e-m+fp/hard\libc_nano.a(lib_a-lock.o)
                0x000000000800a590                __retarget_lock_acquire_recursive
 .text.__retarget_lock_release_recursive
                0x000000000800a592        0x2 c:/st/stm32cubeide_1.7.0/stm32cubeide/plugins/com.st.stm32cube.ide.mcu.externaltools.gnu-tools-for-stm32.9-2020-q2-update.win32_2.0.0.202105311346/tools/bin/../lib/gcc/arm-none-eabi/9.3.1/../../../../arm-none-eabi/lib/thumb/v7e-m+fp/hard\libc_nano.a(lib_a-lock.o)
                0x000000000800a592                __retarget_lock_release_recursive
 *(.glue_7)
 .glue_7        0x000000000800a594        0x0 linker stubs
 *(.glue_7t)
 .glue_7t       0x000000000800a594        0x0 linker stubs
 *(.eh_frame)
 .eh_frame      0x000000000800a594        0x0 c:/st/stm32cubeide_1.7.0/stm32cubeide/plugins/com.st.stm32cube.ide.mcu.externaltools.gnu-tools-for-stm32.9-2020-q2-update.win32_2.0.0.202105311346/tools/bin/../lib/gcc/arm-none-eabi/9.3.1/thumb/v7e-m+fp/hard/crtbegin.o
 *(.init)
 .init          0x000000000800a594        0x4 c:/st/stm32cubeide_1.7.0/stm32cubeide/plugins/com.st.stm32cube.ide.mcu.externaltools.gnu-tools-for-stm32.9-2020-q2-update.win32_2.0.0.202105311346/tools/bin/../lib/gcc/arm-none-eabi/9.3.1/thumb/v7e-m+fp/hard/crti.o
                0x000000000800a594                _init
 .init          0x000000000800a598        0x8 c:/st/stm32cubeide_1.7.0/stm32cubeide/plugins/com.st.stm32cube.ide.mcu.externaltools.gnu-tools-for-stm32.9-2020-q2-update.win32_2.0.0.202105311346/tools/bin/../lib/gcc/arm-none-eabi/9.3.1/thumb/v7e-m+fp/hard/crtn.o
 *(.fini)
 .fini          0x000000000800a5a0        0x4 c:/st/stm32cubeide_1.7.0/stm32cubeide/plugins/com.st.stm32cube.ide.mcu.externaltools.gnu-tools-for-stm32.9-2020-q2-update.win32_2.0.0.202105311346/tools/bin/../lib/gcc/arm-none-eabi/9.3.1/thumb/v7e-m+fp/hard/crti.o
                0x000000000800a5a0                _fini
 .fini          0x000000000800a5a4        0x8 c:/st/stm32cubeide_1.7.0/stm32cubeide/plugins/com.st.stm32cube.ide.mcu.externaltools.gnu-tools-for-stm32.9-2020-q2-update.win32_2.0.0.202105311346/tools/bin/../lib/gcc/arm-none-eabi/9.3.1/thumb/v7e-m+fp/hard/crtn.o
                0x000000000800a5ac                . = ALIGN (0x4)
                0x000000000800a5ac                _etext = .

.vfp11_veneer   0x000000000800a5ac        0x0
 .vfp11_veneer  0x000000000800a5ac        0x0 linker stubs

.v4_bx          0x000000000800a5ac        0x0
 .v4_bx         0x000000000800a5ac        0x0 linker stubs

.iplt           0x000000000800a5ac        0x0
 .iplt          0x000000000800a5ac        0x0 c:/st/stm32cubeide_1.7.0/stm32cubeide/plugins/com.st.stm32cube.ide.mcu.externaltools.gnu-tools-for-stm32.9-2020-q2-update.win32_2.0.0.202105311346/tools/bin/../lib/gcc/arm-none-eabi/9.3.1/thumb/v7e-m+fp/hard/crtbegin.o

.rodata         0x000000000800a5ac     0x2d30
                0x000000000800a5ac                . = ALIGN (0x4)
 *(.rodata)
 .rodata        0x000000000800a5ac      0x7ca ./Core/Src/ESP8266_HAL.o
 *fill*         0x000000000800ad76        0x2 
 .rodata        0x000000000800ad78        0x7 ./Core/Src/RFID.o
 *fill*         0x000000000800ad7f        0x1 
 .rodata        0x000000000800ad80       0x83 ./Core/Src/main.o
 *(.rodata*)
 *fill*         0x000000000800ae03        0x1 
 .rodata.fonts  0x000000000800ae04       0x50 ./Core/Src/fonts.o
                0x000000000800ae04                fonts
 .rodata.five_dot_glyph_table
                0x000000000800ae54      0x299 ./Core/Src/fonts.o
                0x000000000800ae54                five_dot_glyph_table
 *fill*         0x000000000800b0ed        0x3 
 .rodata.five_dot_width_table
                0x000000000800b0f0       0x5f ./Core/Src/fonts.o
                0x000000000800b0f0                five_dot_width_table
 *fill*         0x000000000800b14f        0x1 
 .rodata.six_dot_glyph_table
                0x000000000800b150      0x5f0 ./Core/Src/fonts.o
                0x000000000800b150                six_dot_glyph_table
 .rodata.six_dot_width_table
                0x000000000800b740       0x5f ./Core/Src/fonts.o
                0x000000000800b740                six_dot_width_table
 *fill*         0x000000000800b79f        0x1 
 .rodata.seven_dot_glyph_table
                0x000000000800b7a0      0x600 ./Core/Src/fonts.o
                0x000000000800b7a0                seven_dot_glyph_table
 .rodata.seven_dot_width_table
                0x000000000800bda0       0x60 ./Core/Src/fonts.o
                0x000000000800bda0                seven_dot_width_table
 .rodata.fifteen_dot_glyph_table
                0x000000000800be00     0x140a ./Core/Src/fonts.o
                0x000000000800be00                fifteen_dot_glyph_table
 *fill*         0x000000000800d20a        0x2 
 .rodata.fifteen_dot_width_table
                0x000000000800d20c       0x5f ./Core/Src/fonts.o
                0x000000000800d20c                fifteen_dot_width_table
 *fill*         0x000000000800d26b        0x1 
 .rodata.AHBPrescTable
                0x000000000800d26c       0x10 ./Core/Src/system_stm32f4xx.o
                0x000000000800d26c                AHBPrescTable
 .rodata.APBPrescTable
                0x000000000800d27c        0x8 ./Core/Src/system_stm32f4xx.o
                0x000000000800d27c                APBPrescTable
 .rodata.__utoa.str1.1
                0x000000000800d284       0x25 c:/st/stm32cubeide_1.7.0/stm32cubeide/plugins/com.st.stm32cube.ide.mcu.externaltools.gnu-tools-for-stm32.9-2020-q2-update.win32_2.0.0.202105311346/tools/bin/../lib/gcc/arm-none-eabi/9.3.1/../../../../arm-none-eabi/lib/thumb/v7e-m+fp/hard\libc_nano.a(lib_a-utoa.o)
 .rodata._svfprintf_r.str1.1
                0x000000000800d2a9       0x11 c:/st/stm32cubeide_1.7.0/stm32cubeide/plugins/com.st.stm32cube.ide.mcu.externaltools.gnu-tools-for-stm32.9-2020-q2-update.win32_2.0.0.202105311346/tools/bin/../lib/gcc/arm-none-eabi/9.3.1/../../../../arm-none-eabi/lib/thumb/v7e-m+fp/hard\libc_nano.a(lib_a-nano-svfprintf.o)
 .rodata._printf_i.str1.1
                0x000000000800d2ba       0x22 c:/st/stm32cubeide_1.7.0/stm32cubeide/plugins/com.st.stm32cube.ide.mcu.externaltools.gnu-tools-for-stm32.9-2020-q2-update.win32_2.0.0.202105311346/tools/bin/../lib/gcc/arm-none-eabi/9.3.1/../../../../arm-none-eabi/lib/thumb/v7e-m+fp/hard\libc_nano.a(lib_a-nano-vfprintf_i.o)
                0x000000000800d2dc                . = ALIGN (0x4)

.ARM.extab      0x000000000800d2dc        0x0
                0x000000000800d2dc                . = ALIGN (0x4)
 *(.ARM.extab* .gnu.linkonce.armextab.*)
                0x000000000800d2dc                . = ALIGN (0x4)

.ARM            0x000000000800d2dc        0x8
                0x000000000800d2dc                . = ALIGN (0x4)
                0x000000000800d2dc                __exidx_start = .
 *(.ARM.exidx*)
 .ARM.exidx     0x000000000800d2dc        0x8 c:/st/stm32cubeide_1.7.0/stm32cubeide/plugins/com.st.stm32cube.ide.mcu.externaltools.gnu-tools-for-stm32.9-2020-q2-update.win32_2.0.0.202105311346/tools/bin/../lib/gcc/arm-none-eabi/9.3.1/thumb/v7e-m+fp/hard\libgcc.a(_udivmoddi4.o)
                0x000000000800d2e4                __exidx_end = .
                0x000000000800d2e4                . = ALIGN (0x4)

.rel.dyn        0x000000000800d2e4        0x0
 .rel.iplt      0x000000000800d2e4        0x0 c:/st/stm32cubeide_1.7.0/stm32cubeide/plugins/com.st.stm32cube.ide.mcu.externaltools.gnu-tools-for-stm32.9-2020-q2-update.win32_2.0.0.202105311346/tools/bin/../lib/gcc/arm-none-eabi/9.3.1/thumb/v7e-m+fp/hard/crtbegin.o

.preinit_array  0x000000000800d2e4        0x0
                0x000000000800d2e4                . = ALIGN (0x4)
                0x000000000800d2e4                PROVIDE (__preinit_array_start = .)
 *(.preinit_array*)
                0x000000000800d2e4                PROVIDE (__preinit_array_end = .)
                0x000000000800d2e4                . = ALIGN (0x4)

.init_array     0x000000000800d2e4        0x4
                0x000000000800d2e4                . = ALIGN (0x4)
                0x000000000800d2e4                PROVIDE (__init_array_start = .)
 *(SORT_BY_NAME(.init_array.*))
 *(.init_array*)
 .init_array    0x000000000800d2e4        0x4 c:/st/stm32cubeide_1.7.0/stm32cubeide/plugins/com.st.stm32cube.ide.mcu.externaltools.gnu-tools-for-stm32.9-2020-q2-update.win32_2.0.0.202105311346/tools/bin/../lib/gcc/arm-none-eabi/9.3.1/thumb/v7e-m+fp/hard/crtbegin.o
                0x000000000800d2e8                PROVIDE (__init_array_end = .)
                0x000000000800d2e8                . = ALIGN (0x4)

.fini_array     0x000000000800d2e8        0x4
                0x000000000800d2e8                . = ALIGN (0x4)
                [!provide]                        PROVIDE (__fini_array_start = .)
 *(SORT_BY_NAME(.fini_array.*))
 *(.fini_array*)
 .fini_array    0x000000000800d2e8        0x4 c:/st/stm32cubeide_1.7.0/stm32cubeide/plugins/com.st.stm32cube.ide.mcu.externaltools.gnu-tools-for-stm32.9-2020-q2-update.win32_2.0.0.202105311346/tools/bin/../lib/gcc/arm-none-eabi/9.3.1/thumb/v7e-m+fp/hard/crtbegin.o
                [!provide]                        PROVIDE (__fini_array_end = .)
                0x000000000800d2ec                . = ALIGN (0x4)
                0x000000000800d2ec                _sidata = LOADADDR (.data)

.data           0x0000000020000000       0x70 load address 0x000000000800d2ec
                0x0000000020000000                . = ALIGN (0x4)
                0x0000000020000000                _sdata = .
 *(.data)
 *(.data*)
 .data.SystemCoreClock
                0x0000000020000000        0x4 ./Core/Src/system_stm32f4xx.o
                0x0000000020000000                SystemCoreClock
 .data.uwTickPrio
                0x0000000020000004        0x4 ./Drivers/STM32F4xx_HAL_Driver/Src/stm32f4xx_hal.o
                0x0000000020000004                uwTickPrio
 .data.uwTickFreq
                0x0000000020000008        0x1 ./Drivers/STM32F4xx_HAL_Driver/Src/stm32f4xx_hal.o
                0x0000000020000008                uwTickFreq
 *fill*         0x0000000020000009        0x3 
 .data._impure_ptr
                0x000000002000000c        0x4 c:/st/stm32cubeide_1.7.0/stm32cubeide/plugins/com.st.stm32cube.ide.mcu.externaltools.gnu-tools-for-stm32.9-2020-q2-update.win32_2.0.0.202105311346/tools/bin/../lib/gcc/arm-none-eabi/9.3.1/../../../../arm-none-eabi/lib/thumb/v7e-m+fp/hard\libc_nano.a(lib_a-impure.o)
                0x000000002000000c                _impure_ptr
 .data.impure_data
                0x0000000020000010       0x60 c:/st/stm32cubeide_1.7.0/stm32cubeide/plugins/com.st.stm32cube.ide.mcu.externaltools.gnu-tools-for-stm32.9-2020-q2-update.win32_2.0.0.202105311346/tools/bin/../lib/gcc/arm-none-eabi/9.3.1/../../../../arm-none-eabi/lib/thumb/v7e-m+fp/hard\libc_nano.a(lib_a-impure.o)
 *(.RamFunc)
 *(.RamFunc*)
                0x0000000020000070                . = ALIGN (0x4)
                0x0000000020000070                _edata = .
                0x000000000800d35c                _siccmram = LOADADDR (.ccmram)

.igot.plt       0x0000000020000070        0x0 load address 0x000000000800d35c
 .igot.plt      0x0000000020000070        0x0 c:/st/stm32cubeide_1.7.0/stm32cubeide/plugins/com.st.stm32cube.ide.mcu.externaltools.gnu-tools-for-stm32.9-2020-q2-update.win32_2.0.0.202105311346/tools/bin/../lib/gcc/arm-none-eabi/9.3.1/thumb/v7e-m+fp/hard/crtbegin.o

.ccmram         0x0000000010000000        0x0 load address 0x000000000800d35c
                0x0000000010000000                . = ALIGN (0x4)
                0x0000000010000000                _sccmram = .
 *(.ccmram)
 *(.ccmram*)
                0x0000000010000000                . = ALIGN (0x4)
                0x0000000010000000                _eccmram = .
                0x0000000010000000                . = ALIGN (0x4)

.bss            0x0000000020000070     0x1058
                0x0000000020000070                _sbss = .
                0x0000000020000070                __bss_start__ = _sbss
 *(.bss)
 .bss           0x0000000020000070       0x1c c:/st/stm32cubeide_1.7.0/stm32cubeide/plugins/com.st.stm32cube.ide.mcu.externaltools.gnu-tools-for-stm32.9-2020-q2-update.win32_2.0.0.202105311346/tools/bin/../lib/gcc/arm-none-eabi/9.3.1/thumb/v7e-m+fp/hard/crtbegin.o
 *(.bss*)
 .bss.DHT22_presence
                0x000000002000008c        0x2 ./Core/Src/DHT22.o
                0x000000002000008c                DHT22_presence
 *fill*         0x000000002000008e        0x2 
 .bss.rx_buffer1
                0x0000000020000090      0x208 ./Core/Src/UART_HAL.o
                0x0000000020000090                rx_buffer1
 .bss.tx_buffer1
                0x0000000020000298      0x208 ./Core/Src/UART_HAL.o
                0x0000000020000298                tx_buffer1
 .bss.rx_buffer2
                0x00000000200004a0      0x208 ./Core/Src/UART_HAL.o
                0x00000000200004a0                rx_buffer2
 .bss.tx_buffer2
                0x00000000200006a8      0x208 ./Core/Src/UART_HAL.o
                0x00000000200006a8                tx_buffer2
 .bss.inside    0x00000000200008b0        0x4 ./Core/Src/main.o
                0x00000000200008b0                inside
 .bss.outside   0x00000000200008b4        0x4 ./Core/Src/main.o
                0x00000000200008b4                outside
 .bss.f_on      0x00000000200008b8        0x4 ./Core/Src/main.o
                0x00000000200008b8                f_on
 .bss.f_off     0x00000000200008bc        0x4 ./Core/Src/main.o
                0x00000000200008bc                f_off
 .bss.h_on      0x00000000200008c0        0x4 ./Core/Src/main.o
                0x00000000200008c0                h_on
 .bss.h_off     0x00000000200008c4        0x4 ./Core/Src/main.o
                0x00000000200008c4                h_off
 .bss.rh_min    0x00000000200008c8        0x4 ./Core/Src/main.o
                0x00000000200008c8                rh_min
 .bss.rh_max    0x00000000200008cc        0x4 ./Core/Src/main.o
                0x00000000200008cc                rh_max
 .bss.awning    0x00000000200008d0        0x4 ./Core/Src/main.o
                0x00000000200008d0                awning
 .bss.fan       0x00000000200008d4        0x4 ./Core/Src/main.o
                0x00000000200008d4                fan
 .bss.heat      0x00000000200008d8        0x4 ./Core/Src/main.o
                0x00000000200008d8                heat
 .bss.LDR_value
                0x00000000200008dc        0x2 ./Core/Src/main.o
                0x00000000200008dc                LDR_value
 .bss.Hygro_read
                0x00000000200008de        0x2 ./Core/Src/main.o
                0x00000000200008de                Hygro_read
 .bss.Hygro     0x00000000200008e0        0x2 ./Core/Src/main.o
                0x00000000200008e0                Hygro
 .bss.Rain_read
                0x00000000200008e2        0x2 ./Core/Src/main.o
                0x00000000200008e2                Rain_read
 .bss.Rain      0x00000000200008e4        0x2 ./Core/Src/main.o
                0x00000000200008e4                Rain
 *fill*         0x00000000200008e6        0x2 
 .bss.TempOutside
                0x00000000200008e8        0x4 ./Core/Src/main.o
                0x00000000200008e8                TempOutside
 .bss.RHOutside
                0x00000000200008ec        0x4 ./Core/Src/main.o
                0x00000000200008ec                RHOutside
 .bss.TempInside
                0x00000000200008f0        0x4 ./Core/Src/main.o
                0x00000000200008f0                TempInside
 .bss.RHInside  0x00000000200008f4        0x4 ./Core/Src/main.o
                0x00000000200008f4                RHInside
 .bss.button_count.10011
                0x00000000200008f8        0x1 ./Core/Src/main.o
 *fill*         0x00000000200008f9        0x3 
 .bss.counter.10012
                0x00000000200008fc        0x4 ./Core/Src/main.o
 .bss.__sbrk_heap_end
                0x0000000020000900        0x4 ./Core/Src/sysmem.o
 .bss.__malloc_free_list
                0x0000000020000904        0x4 c:/st/stm32cubeide_1.7.0/stm32cubeide/plugins/com.st.stm32cube.ide.mcu.externaltools.gnu-tools-for-stm32.9-2020-q2-update.win32_2.0.0.202105311346/tools/bin/../lib/gcc/arm-none-eabi/9.3.1/../../../../arm-none-eabi/lib/thumb/v7e-m+fp/hard\libc_nano.a(lib_a-nano-mallocr.o)
                0x0000000020000904                __malloc_free_list
 .bss.__malloc_sbrk_start
                0x0000000020000908        0x4 c:/st/stm32cubeide_1.7.0/stm32cubeide/plugins/com.st.stm32cube.ide.mcu.externaltools.gnu-tools-for-stm32.9-2020-q2-update.win32_2.0.0.202105311346/tools/bin/../lib/gcc/arm-none-eabi/9.3.1/../../../../arm-none-eabi/lib/thumb/v7e-m+fp/hard\libc_nano.a(lib_a-nano-mallocr.o)
                0x0000000020000908                __malloc_sbrk_start
 *(COMMON)
 COMMON         0x000000002000090c       0x6c ./Core/Src/Buzzer.o
                0x000000002000090c                vSettings
                0x000000002000091c                vLiving
                0x0000000020000924                vWindow
                0x0000000020000928                vLight
                0x0000000020000944                vWeather
                0x0000000020000948                vBath
                0x000000002000094c                readDHT
                0x0000000020000950                vOffice
                0x000000002000095c                vOutside
                0x0000000020000964                vKitchen
                0x0000000020000968                vGarage
                0x000000002000096c                vGarden
                0x0000000020000970                vSecurity
                0x0000000020000974                vBedroom
 COMMON         0x0000000020000978        0xa ./Core/Src/DHT22.o
                0x0000000020000978                RH
                0x000000002000097a                TEMP
                0x000000002000097c                Temp_byte1
                0x000000002000097d                RH_byte1
                0x000000002000097e                SUM
                0x0000000020000980                Temp_byte2
                0x0000000020000981                RH_byte2
 *fill*         0x0000000020000982        0x2 
 COMMON         0x0000000020000984       0xd8 ./Core/Src/ESP8266_HAL.o
                0x0000000020000984                b
                0x0000000020000988                dataSTM
                0x000000002000098c                g
                0x0000000020000990                r
                0x0000000020000994                buffer_app
                0x00000000200009d0                buffer
                0x00000000200009e4                fragment
                0x00000000200009e8                pine
                0x00000000200009ec                textrc
                0x0000000020000a5a                buffer_index
 COMMON         0x0000000020000a5c       0x10 ./Core/Src/UART_HAL.o
                0x0000000020000a5c                _tx_buffer2
                0x0000000020000a60                _rx_buffer1
                0x0000000020000a64                _tx_buffer1
                0x0000000020000a68                _rx_buffer2
 COMMON         0x0000000020000a6c      0x200 ./Core/Src/gfx.o
                0x0000000020000a6c                gddram
 COMMON         0x0000000020000c6c      0x448 ./Core/Src/main.o
                0x0000000020000c6c                htim8
                0x0000000020000cb4                htim4
                0x0000000020000cfc                DHT22_outside
                0x0000000020000d04                huart3
                0x0000000020000d48                hadc2
                0x0000000020000d90                hi2c1
                0x0000000020000de4                htim5
                0x0000000020000e2c                htim3
                0x0000000020000e74                hadc1
                0x0000000020000ebc                hadc3
                0x0000000020000f04                htim6
                0x0000000020000f4c                htim1
                0x0000000020000f94                htim9
                0x0000000020000fdc                huart6
                0x0000000020001020                htim2
                0x0000000020001068                huart2
                0x00000000200010ac                DHT22_inside
 COMMON         0x00000000200010b4        0x4 ./Drivers/STM32F4xx_HAL_Driver/Src/stm32f4xx_hal.o
                0x00000000200010b4                uwTick
 COMMON         0x00000000200010b8        0x4 c:/st/stm32cubeide_1.7.0/stm32cubeide/plugins/com.st.stm32cube.ide.mcu.externaltools.gnu-tools-for-stm32.9-2020-q2-update.win32_2.0.0.202105311346/tools/bin/../lib/gcc/arm-none-eabi/9.3.1/../../../../arm-none-eabi/lib/thumb/v7e-m+fp/hard\libc_nano.a(lib_a-reent.o)
                0x00000000200010b8                errno
 COMMON         0x00000000200010bc        0x9 c:/st/stm32cubeide_1.7.0/stm32cubeide/plugins/com.st.stm32cube.ide.mcu.externaltools.gnu-tools-for-stm32.9-2020-q2-update.win32_2.0.0.202105311346/tools/bin/../lib/gcc/arm-none-eabi/9.3.1/../../../../arm-none-eabi/lib/thumb/v7e-m+fp/hard\libc_nano.a(lib_a-lock.o)
                0x00000000200010bc                __lock___atexit_recursive_mutex
                0x00000000200010bd                __lock___arc4random_mutex
                0x00000000200010be                __lock___env_recursive_mutex
                0x00000000200010bf                __lock___sinit_recursive_mutex
                0x00000000200010c0                __lock___malloc_recursive_mutex
                0x00000000200010c1                __lock___at_quick_exit_mutex
                0x00000000200010c2                __lock___dd_hash_mutex
                0x00000000200010c3                __lock___tz_mutex
                0x00000000200010c4                __lock___sfp_recursive_mutex
                0x00000000200010c8                . = ALIGN (0x4)
 *fill*         0x00000000200010c5        0x3 
                0x00000000200010c8                _ebss = .
                0x00000000200010c8                __bss_end__ = _ebss

._user_heap_stack
                0x00000000200010c8      0x600
                0x00000000200010c8                . = ALIGN (0x8)
                [!provide]                        PROVIDE (end = .)
                0x00000000200010c8                PROVIDE (_end = .)
                0x00000000200012c8                . = (. + _Min_Heap_Size)
 *fill*         0x00000000200010c8      0x200 
                0x00000000200016c8                . = (. + _Min_Stack_Size)
 *fill*         0x00000000200012c8      0x400 
                0x00000000200016c8                . = ALIGN (0x8)

/DISCARD/
 libc.a(*)
 libm.a(*)
 libgcc.a(*)

.ARM.attributes
                0x0000000000000000       0x30
 *(.ARM.attributes)
 .ARM.attributes
                0x0000000000000000       0x1e c:/st/stm32cubeide_1.7.0/stm32cubeide/plugins/com.st.stm32cube.ide.mcu.externaltools.gnu-tools-for-stm32.9-2020-q2-update.win32_2.0.0.202105311346/tools/bin/../lib/gcc/arm-none-eabi/9.3.1/thumb/v7e-m+fp/hard/crti.o
 .ARM.attributes
                0x000000000000001e       0x34 c:/st/stm32cubeide_1.7.0/stm32cubeide/plugins/com.st.stm32cube.ide.mcu.externaltools.gnu-tools-for-stm32.9-2020-q2-update.win32_2.0.0.202105311346/tools/bin/../lib/gcc/arm-none-eabi/9.3.1/thumb/v7e-m+fp/hard/crtbegin.o
 .ARM.attributes
                0x0000000000000052       0x34 ./Core/Src/Buzzer.o
 .ARM.attributes
                0x0000000000000086       0x34 ./Core/Src/DHT22.o
 .ARM.attributes
                0x00000000000000ba       0x34 ./Core/Src/ESP8266_HAL.o
 .ARM.attributes
                0x00000000000000ee       0x34 ./Core/Src/LDR.o
 .ARM.attributes
                0x0000000000000122       0x34 ./Core/Src/LED.o
 .ARM.attributes
                0x0000000000000156       0x34 ./Core/Src/RFID.o
 .ARM.attributes
                0x000000000000018a       0x34 ./Core/Src/RH.o
 .ARM.attributes
                0x00000000000001be       0x34 ./Core/Src/SG90.o
 .ARM.attributes
                0x00000000000001f2       0x34 ./Core/Src/Temperature.o
 .ARM.attributes
                0x0000000000000226       0x34 ./Core/Src/UART_HAL.o
 .ARM.attributes
                0x000000000000025a       0x39 ./Core/Src/fonts.o
 .ARM.attributes
                0x0000000000000293       0x34 ./Core/Src/gfx.o
 .ARM.attributes
                0x00000000000002c7       0x34 ./Core/Src/main.o
 .ARM.attributes
                0x00000000000002fb       0x34 ./Core/Src/ssd1306.o
 .ARM.attributes
                0x000000000000032f       0x34 ./Core/Src/stm32f4xx_hal_msp.o
 .ARM.attributes
                0x0000000000000363       0x34 ./Core/Src/stm32f4xx_it.o
 .ARM.attributes
                0x0000000000000397       0x34 ./Core/Src/sysmem.o
 .ARM.attributes
                0x00000000000003cb       0x34 ./Core/Src/system_stm32f4xx.o
 .ARM.attributes
                0x00000000000003ff       0x21 ./Core/Startup/startup_stm32f407vgtx.o
 .ARM.attributes
                0x0000000000000420       0x34 ./Drivers/STM32F4xx_HAL_Driver/Src/stm32f4xx_hal.o
 .ARM.attributes
                0x0000000000000454       0x34 ./Drivers/STM32F4xx_HAL_Driver/Src/stm32f4xx_hal_adc.o
 .ARM.attributes
                0x0000000000000488       0x34 ./Drivers/STM32F4xx_HAL_Driver/Src/stm32f4xx_hal_cortex.o
 .ARM.attributes
                0x00000000000004bc       0x34 ./Drivers/STM32F4xx_HAL_Driver/Src/stm32f4xx_hal_dma.o
 .ARM.attributes
                0x00000000000004f0       0x34 ./Drivers/STM32F4xx_HAL_Driver/Src/stm32f4xx_hal_gpio.o
 .ARM.attributes
                0x0000000000000524       0x34 ./Drivers/STM32F4xx_HAL_Driver/Src/stm32f4xx_hal_i2c.o
 .ARM.attributes
                0x0000000000000558       0x34 ./Drivers/STM32F4xx_HAL_Driver/Src/stm32f4xx_hal_rcc.o
 .ARM.attributes
                0x000000000000058c       0x34 ./Drivers/STM32F4xx_HAL_Driver/Src/stm32f4xx_hal_tim.o
 .ARM.attributes
                0x00000000000005c0       0x34 ./Drivers/STM32F4xx_HAL_Driver/Src/stm32f4xx_hal_tim_ex.o
 .ARM.attributes
                0x00000000000005f4       0x34 ./Drivers/STM32F4xx_HAL_Driver/Src/stm32f4xx_hal_uart.o
 .ARM.attributes
                0x0000000000000628       0x34 c:/st/stm32cubeide_1.7.0/stm32cubeide/plugins/com.st.stm32cube.ide.mcu.externaltools.gnu-tools-for-stm32.9-2020-q2-update.win32_2.0.0.202105311346/tools/bin/../lib/gcc/arm-none-eabi/9.3.1/../../../../arm-none-eabi/lib/thumb/v7e-m+fp/hard\libc_nano.a(lib_a-errno.o)
 .ARM.attributes
                0x000000000000065c       0x32 c:/st/stm32cubeide_1.7.0/stm32cubeide/plugins/com.st.stm32cube.ide.mcu.externaltools.gnu-tools-for-stm32.9-2020-q2-update.win32_2.0.0.202105311346/tools/bin/../lib/gcc/arm-none-eabi/9.3.1/../../../../arm-none-eabi/lib/thumb/v7e-m+fp/hard\libc_nano.a(lib_a-impure.o)
 .ARM.attributes
                0x000000000000068e       0x34 c:/st/stm32cubeide_1.7.0/stm32cubeide/plugins/com.st.stm32cube.ide.mcu.externaltools.gnu-tools-for-stm32.9-2020-q2-update.win32_2.0.0.202105311346/tools/bin/../lib/gcc/arm-none-eabi/9.3.1/../../../../arm-none-eabi/lib/thumb/v7e-m+fp/hard\libc_nano.a(lib_a-init.o)
 .ARM.attributes
                0x00000000000006c2       0x34 c:/st/stm32cubeide_1.7.0/stm32cubeide/plugins/com.st.stm32cube.ide.mcu.externaltools.gnu-tools-for-stm32.9-2020-q2-update.win32_2.0.0.202105311346/tools/bin/../lib/gcc/arm-none-eabi/9.3.1/../../../../arm-none-eabi/lib/thumb/v7e-m+fp/hard\libc_nano.a(lib_a-itoa.o)
 .ARM.attributes
                0x00000000000006f6       0x34 c:/st/stm32cubeide_1.7.0/stm32cubeide/plugins/com.st.stm32cube.ide.mcu.externaltools.gnu-tools-for-stm32.9-2020-q2-update.win32_2.0.0.202105311346/tools/bin/../lib/gcc/arm-none-eabi/9.3.1/../../../../arm-none-eabi/lib/thumb/v7e-m+fp/hard\libc_nano.a(lib_a-memset.o)
 .ARM.attributes
                0x000000000000072a       0x34 c:/st/stm32cubeide_1.7.0/stm32cubeide/plugins/com.st.stm32cube.ide.mcu.externaltools.gnu-tools-for-stm32.9-2020-q2-update.win32_2.0.0.202105311346/tools/bin/../lib/gcc/arm-none-eabi/9.3.1/../../../../arm-none-eabi/lib/thumb/v7e-m+fp/hard\libc_nano.a(lib_a-sprintf.o)
 .ARM.attributes
                0x000000000000075e       0x17 c:/st/stm32cubeide_1.7.0/stm32cubeide/plugins/com.st.stm32cube.ide.mcu.externaltools.gnu-tools-for-stm32.9-2020-q2-update.win32_2.0.0.202105311346/tools/bin/../lib/gcc/arm-none-eabi/9.3.1/../../../../arm-none-eabi/lib/thumb/v7e-m+fp/hard\libc_nano.a(lib_a-strlen.o)
 .ARM.attributes
                0x0000000000000775       0x34 c:/st/stm32cubeide_1.7.0/stm32cubeide/plugins/com.st.stm32cube.ide.mcu.externaltools.gnu-tools-for-stm32.9-2020-q2-update.win32_2.0.0.202105311346/tools/bin/../lib/gcc/arm-none-eabi/9.3.1/../../../../arm-none-eabi/lib/thumb/v7e-m+fp/hard\libc_nano.a(lib_a-utoa.o)
 .ARM.attributes
                0x00000000000007a9       0x34 c:/st/stm32cubeide_1.7.0/stm32cubeide/plugins/com.st.stm32cube.ide.mcu.externaltools.gnu-tools-for-stm32.9-2020-q2-update.win32_2.0.0.202105311346/tools/bin/../lib/gcc/arm-none-eabi/9.3.1/../../../../arm-none-eabi/lib/thumb/v7e-m+fp/hard\libc_nano.a(lib_a-nano-svfprintf.o)
 .ARM.attributes
                0x00000000000007dd       0x34 c:/st/stm32cubeide_1.7.0/stm32cubeide/plugins/com.st.stm32cube.ide.mcu.externaltools.gnu-tools-for-stm32.9-2020-q2-update.win32_2.0.0.202105311346/tools/bin/../lib/gcc/arm-none-eabi/9.3.1/../../../../arm-none-eabi/lib/thumb/v7e-m+fp/hard\libc_nano.a(lib_a-nano-vfprintf_i.o)
 .ARM.attributes
                0x0000000000000811       0x1c c:/st/stm32cubeide_1.7.0/stm32cubeide/plugins/com.st.stm32cube.ide.mcu.externaltools.gnu-tools-for-stm32.9-2020-q2-update.win32_2.0.0.202105311346/tools/bin/../lib/gcc/arm-none-eabi/9.3.1/../../../../arm-none-eabi/lib/thumb/v7e-m+fp/hard\libc_nano.a(lib_a-memchr.o)
 .ARM.attributes
                0x000000000000082d       0x34 c:/st/stm32cubeide_1.7.0/stm32cubeide/plugins/com.st.stm32cube.ide.mcu.externaltools.gnu-tools-for-stm32.9-2020-q2-update.win32_2.0.0.202105311346/tools/bin/../lib/gcc/arm-none-eabi/9.3.1/../../../../arm-none-eabi/lib/thumb/v7e-m+fp/hard\libc_nano.a(lib_a-memcpy-stub.o)
 .ARM.attributes
                0x0000000000000861       0x34 c:/st/stm32cubeide_1.7.0/stm32cubeide/plugins/com.st.stm32cube.ide.mcu.externaltools.gnu-tools-for-stm32.9-2020-q2-update.win32_2.0.0.202105311346/tools/bin/../lib/gcc/arm-none-eabi/9.3.1/../../../../arm-none-eabi/lib/thumb/v7e-m+fp/hard\libc_nano.a(lib_a-memmove.o)
 .ARM.attributes
                0x0000000000000895       0x34 c:/st/stm32cubeide_1.7.0/stm32cubeide/plugins/com.st.stm32cube.ide.mcu.externaltools.gnu-tools-for-stm32.9-2020-q2-update.win32_2.0.0.202105311346/tools/bin/../lib/gcc/arm-none-eabi/9.3.1/../../../../arm-none-eabi/lib/thumb/v7e-m+fp/hard\libc_nano.a(lib_a-nano-freer.o)
 .ARM.attributes
                0x00000000000008c9       0x34 c:/st/stm32cubeide_1.7.0/stm32cubeide/plugins/com.st.stm32cube.ide.mcu.externaltools.gnu-tools-for-stm32.9-2020-q2-update.win32_2.0.0.202105311346/tools/bin/../lib/gcc/arm-none-eabi/9.3.1/../../../../arm-none-eabi/lib/thumb/v7e-m+fp/hard\libc_nano.a(lib_a-nano-mallocr.o)
 .ARM.attributes
                0x00000000000008fd       0x34 c:/st/stm32cubeide_1.7.0/stm32cubeide/plugins/com.st.stm32cube.ide.mcu.externaltools.gnu-tools-for-stm32.9-2020-q2-update.win32_2.0.0.202105311346/tools/bin/../lib/gcc/arm-none-eabi/9.3.1/../../../../arm-none-eabi/lib/thumb/v7e-m+fp/hard\libc_nano.a(lib_a-nano-reallocr.o)
 .ARM.attributes
                0x0000000000000931       0x34 c:/st/stm32cubeide_1.7.0/stm32cubeide/plugins/com.st.stm32cube.ide.mcu.externaltools.gnu-tools-for-stm32.9-2020-q2-update.win32_2.0.0.202105311346/tools/bin/../lib/gcc/arm-none-eabi/9.3.1/../../../../arm-none-eabi/lib/thumb/v7e-m+fp/hard\libc_nano.a(lib_a-sbrkr.o)
 .ARM.attributes
                0x0000000000000965       0x34 c:/st/stm32cubeide_1.7.0/stm32cubeide/plugins/com.st.stm32cube.ide.mcu.externaltools.gnu-tools-for-stm32.9-2020-q2-update.win32_2.0.0.202105311346/tools/bin/../lib/gcc/arm-none-eabi/9.3.1/../../../../arm-none-eabi/lib/thumb/v7e-m+fp/hard\libc_nano.a(lib_a-mlock.o)
 .ARM.attributes
                0x0000000000000999       0x34 c:/st/stm32cubeide_1.7.0/stm32cubeide/plugins/com.st.stm32cube.ide.mcu.externaltools.gnu-tools-for-stm32.9-2020-q2-update.win32_2.0.0.202105311346/tools/bin/../lib/gcc/arm-none-eabi/9.3.1/../../../../arm-none-eabi/lib/thumb/v7e-m+fp/hard\libc_nano.a(lib_a-nano-msizer.o)
 .ARM.attributes
                0x00000000000009cd       0x34 c:/st/stm32cubeide_1.7.0/stm32cubeide/plugins/com.st.stm32cube.ide.mcu.externaltools.gnu-tools-for-stm32.9-2020-q2-update.win32_2.0.0.202105311346/tools/bin/../lib/gcc/arm-none-eabi/9.3.1/../../../../arm-none-eabi/lib/thumb/v7e-m+fp/hard\libc_nano.a(lib_a-reent.o)
 .ARM.attributes
                0x0000000000000a01       0x34 c:/st/stm32cubeide_1.7.0/stm32cubeide/plugins/com.st.stm32cube.ide.mcu.externaltools.gnu-tools-for-stm32.9-2020-q2-update.win32_2.0.0.202105311346/tools/bin/../lib/gcc/arm-none-eabi/9.3.1/../../../../arm-none-eabi/lib/thumb/v7e-m+fp/hard\libc_nano.a(lib_a-lock.o)
 .ARM.attributes
                0x0000000000000a35       0x1e c:/st/stm32cubeide_1.7.0/stm32cubeide/plugins/com.st.stm32cube.ide.mcu.externaltools.gnu-tools-for-stm32.9-2020-q2-update.win32_2.0.0.202105311346/tools/bin/../lib/gcc/arm-none-eabi/9.3.1/thumb/v7e-m+fp/hard\libgcc.a(_arm_addsubdf3.o)
 .ARM.attributes
                0x0000000000000a53       0x1e c:/st/stm32cubeide_1.7.0/stm32cubeide/plugins/com.st.stm32cube.ide.mcu.externaltools.gnu-tools-for-stm32.9-2020-q2-update.win32_2.0.0.202105311346/tools/bin/../lib/gcc/arm-none-eabi/9.3.1/thumb/v7e-m+fp/hard\libgcc.a(_arm_muldivdf3.o)
 .ARM.attributes
                0x0000000000000a71       0x1e c:/st/stm32cubeide_1.7.0/stm32cubeide/plugins/com.st.stm32cube.ide.mcu.externaltools.gnu-tools-for-stm32.9-2020-q2-update.win32_2.0.0.202105311346/tools/bin/../lib/gcc/arm-none-eabi/9.3.1/thumb/v7e-m+fp/hard\libgcc.a(_arm_truncdfsf2.o)
 .ARM.attributes
                0x0000000000000a8f       0x1e c:/st/stm32cubeide_1.7.0/stm32cubeide/plugins/com.st.stm32cube.ide.mcu.externaltools.gnu-tools-for-stm32.9-2020-q2-update.win32_2.0.0.202105311346/tools/bin/../lib/gcc/arm-none-eabi/9.3.1/thumb/v7e-m+fp/hard\libgcc.a(_aeabi_uldivmod.o)
 .ARM.attributes
                0x0000000000000aad       0x34 c:/st/stm32cubeide_1.7.0/stm32cubeide/plugins/com.st.stm32cube.ide.mcu.externaltools.gnu-tools-for-stm32.9-2020-q2-update.win32_2.0.0.202105311346/tools/bin/../lib/gcc/arm-none-eabi/9.3.1/thumb/v7e-m+fp/hard\libgcc.a(_udivmoddi4.o)
 .ARM.attributes
                0x0000000000000ae1       0x1e c:/st/stm32cubeide_1.7.0/stm32cubeide/plugins/com.st.stm32cube.ide.mcu.externaltools.gnu-tools-for-stm32.9-2020-q2-update.win32_2.0.0.202105311346/tools/bin/../lib/gcc/arm-none-eabi/9.3.1/thumb/v7e-m+fp/hard\libgcc.a(_dvmd_tls.o)
 .ARM.attributes
                0x0000000000000aff       0x1e c:/st/stm32cubeide_1.7.0/stm32cubeide/plugins/com.st.stm32cube.ide.mcu.externaltools.gnu-tools-for-stm32.9-2020-q2-update.win32_2.0.0.202105311346/tools/bin/../lib/gcc/arm-none-eabi/9.3.1/thumb/v7e-m+fp/hard/crtn.o
OUTPUT(HomeArt.elf elf32-littlearm)
LOAD linker stubs
LOAD c:/st/stm32cubeide_1.7.0/stm32cubeide/plugins/com.st.stm32cube.ide.mcu.externaltools.gnu-tools-for-stm32.9-2020-q2-update.win32_2.0.0.202105311346/tools/bin/../lib/gcc/arm-none-eabi/9.3.1/../../../../arm-none-eabi/lib/thumb/v7e-m+fp/hard\libc.a
LOAD c:/st/stm32cubeide_1.7.0/stm32cubeide/plugins/com.st.stm32cube.ide.mcu.externaltools.gnu-tools-for-stm32.9-2020-q2-update.win32_2.0.0.202105311346/tools/bin/../lib/gcc/arm-none-eabi/9.3.1/../../../../arm-none-eabi/lib/thumb/v7e-m+fp/hard\libm.a
LOAD c:/st/stm32cubeide_1.7.0/stm32cubeide/plugins/com.st.stm32cube.ide.mcu.externaltools.gnu-tools-for-stm32.9-2020-q2-update.win32_2.0.0.202105311346/tools/bin/../lib/gcc/arm-none-eabi/9.3.1/thumb/v7e-m+fp/hard\libgcc.a

.debug_info     0x0000000000000000    0x1eea1
 .debug_info    0x0000000000000000     0x11bd ./Core/Src/Buzzer.o
 .debug_info    0x00000000000011bd      0x487 ./Core/Src/DHT22.o
 .debug_info    0x0000000000001644     0x1891 ./Core/Src/ESP8266_HAL.o
 .debug_info    0x0000000000002ed5      0xcaa ./Core/Src/LDR.o
 .debug_info    0x0000000000003b7f      0xb95 ./Core/Src/LED.o
 .debug_info    0x0000000000004714      0xfd1 ./Core/Src/RFID.o
 .debug_info    0x00000000000056e5      0xa79 ./Core/Src/RH.o
 .debug_info    0x000000000000615e     0x148e ./Core/Src/SG90.o
 .debug_info    0x00000000000075ec      0xa9e ./Core/Src/Temperature.o
 .debug_info    0x000000000000808a     0x15c7 ./Core/Src/UART_HAL.o
 .debug_info    0x0000000000009651      0x1f9 ./Core/Src/fonts.o
 .debug_info    0x000000000000984a     0x1432 ./Core/Src/gfx.o
 .debug_info    0x000000000000ac7c     0x2c76 ./Core/Src/main.o
 .debug_info    0x000000000000d8f2      0x936 ./Core/Src/ssd1306.o
 .debug_info    0x000000000000e228     0x18fa ./Core/Src/stm32f4xx_hal_msp.o
 .debug_info    0x000000000000fb22      0x79b ./Core/Src/stm32f4xx_it.o
 .debug_info    0x00000000000102bd      0xa25 ./Core/Src/sysmem.o
 .debug_info    0x0000000000010ce2      0x5a4 ./Core/Src/system_stm32f4xx.o
 .debug_info    0x0000000000011286       0x22 ./Core/Startup/startup_stm32f407vgtx.o
 .debug_info    0x00000000000112a8      0x9b2 ./Drivers/STM32F4xx_HAL_Driver/Src/stm32f4xx_hal.o
 .debug_info    0x0000000000011c5a      0xdbc ./Drivers/STM32F4xx_HAL_Driver/Src/stm32f4xx_hal_adc.o
 .debug_info    0x0000000000012a16      0xed7 ./Drivers/STM32F4xx_HAL_Driver/Src/stm32f4xx_hal_cortex.o
 .debug_info    0x00000000000138ed      0x9f1 ./Drivers/STM32F4xx_HAL_Driver/Src/stm32f4xx_hal_dma.o
 .debug_info    0x00000000000142de      0x83e ./Drivers/STM32F4xx_HAL_Driver/Src/stm32f4xx_hal_gpio.o
 .debug_info    0x0000000000014b1c     0x264d ./Drivers/STM32F4xx_HAL_Driver/Src/stm32f4xx_hal_i2c.o
 .debug_info    0x0000000000017169      0x996 ./Drivers/STM32F4xx_HAL_Driver/Src/stm32f4xx_hal_rcc.o
 .debug_info    0x0000000000017aff     0x2c22 ./Drivers/STM32F4xx_HAL_Driver/Src/stm32f4xx_hal_tim.o
 .debug_info    0x000000000001a721     0x15a2 ./Drivers/STM32F4xx_HAL_Driver/Src/stm32f4xx_hal_tim_ex.o
 .debug_info    0x000000000001bcc3     0x31de ./Drivers/STM32F4xx_HAL_Driver/Src/stm32f4xx_hal_uart.o

.debug_abbrev   0x0000000000000000     0x3e0e
 .debug_abbrev  0x0000000000000000      0x219 ./Core/Src/Buzzer.o
 .debug_abbrev  0x0000000000000219      0x1df ./Core/Src/DHT22.o
 .debug_abbrev  0x00000000000003f8      0x32c ./Core/Src/ESP8266_HAL.o
 .debug_abbrev  0x0000000000000724      0x1f3 ./Core/Src/LDR.o
 .debug_abbrev  0x0000000000000917      0x20f ./Core/Src/LED.o
 .debug_abbrev  0x0000000000000b26      0x205 ./Core/Src/RFID.o
 .debug_abbrev  0x0000000000000d2b      0x1db ./Core/Src/RH.o
 .debug_abbrev  0x0000000000000f06      0x1ea ./Core/Src/SG90.o
 .debug_abbrev  0x00000000000010f0      0x1dd ./Core/Src/Temperature.o
 .debug_abbrev  0x00000000000012cd      0x390 ./Core/Src/UART_HAL.o
 .debug_abbrev  0x000000000000165d       0xb4 ./Core/Src/fonts.o
 .debug_abbrev  0x0000000000001711      0x2e2 ./Core/Src/gfx.o
 .debug_abbrev  0x00000000000019f3      0x349 ./Core/Src/main.o
 .debug_abbrev  0x0000000000001d3c      0x1d5 ./Core/Src/ssd1306.o
 .debug_abbrev  0x0000000000001f11      0x222 ./Core/Src/stm32f4xx_hal_msp.o
 .debug_abbrev  0x0000000000002133      0x17d ./Core/Src/stm32f4xx_it.o
 .debug_abbrev  0x00000000000022b0      0x1bf ./Core/Src/sysmem.o
 .debug_abbrev  0x000000000000246f      0x145 ./Core/Src/system_stm32f4xx.o
 .debug_abbrev  0x00000000000025b4       0x12 ./Core/Startup/startup_stm32f407vgtx.o
 .debug_abbrev  0x00000000000025c6      0x1ed ./Drivers/STM32F4xx_HAL_Driver/Src/stm32f4xx_hal.o
 .debug_abbrev  0x00000000000027b3      0x22f ./Drivers/STM32F4xx_HAL_Driver/Src/stm32f4xx_hal_adc.o
 .debug_abbrev  0x00000000000029e2      0x33c ./Drivers/STM32F4xx_HAL_Driver/Src/stm32f4xx_hal_cortex.o
 .debug_abbrev  0x0000000000002d1e      0x259 ./Drivers/STM32F4xx_HAL_Driver/Src/stm32f4xx_hal_dma.o
 .debug_abbrev  0x0000000000002f77      0x1f1 ./Drivers/STM32F4xx_HAL_Driver/Src/stm32f4xx_hal_gpio.o
 .debug_abbrev  0x0000000000003168      0x282 ./Drivers/STM32F4xx_HAL_Driver/Src/stm32f4xx_hal_i2c.o
 .debug_abbrev  0x00000000000033ea      0x275 ./Drivers/STM32F4xx_HAL_Driver/Src/stm32f4xx_hal_rcc.o
 .debug_abbrev  0x000000000000365f      0x25e ./Drivers/STM32F4xx_HAL_Driver/Src/stm32f4xx_hal_tim.o
 .debug_abbrev  0x00000000000038bd      0x266 ./Drivers/STM32F4xx_HAL_Driver/Src/stm32f4xx_hal_tim_ex.o
 .debug_abbrev  0x0000000000003b23      0x2eb ./Drivers/STM32F4xx_HAL_Driver/Src/stm32f4xx_hal_uart.o

.debug_aranges  0x0000000000000000     0x1398
 .debug_aranges
                0x0000000000000000       0x28 ./Core/Src/Buzzer.o
 .debug_aranges
                0x0000000000000028       0x48 ./Core/Src/DHT22.o
 .debug_aranges
                0x0000000000000070       0x58 ./Core/Src/ESP8266_HAL.o
 .debug_aranges
                0x00000000000000c8       0x20 ./Core/Src/LDR.o
 .debug_aranges
                0x00000000000000e8       0x28 ./Core/Src/LED.o
 .debug_aranges
                0x0000000000000110       0x20 ./Core/Src/RFID.o
 .debug_aranges
                0x0000000000000130       0x20 ./Core/Src/RH.o
 .debug_aranges
                0x0000000000000150       0x20 ./Core/Src/SG90.o
 .debug_aranges
                0x0000000000000170       0x20 ./Core/Src/Temperature.o
 .debug_aranges
                0x0000000000000190       0x90 ./Core/Src/UART_HAL.o
 .debug_aranges
                0x0000000000000220       0x18 ./Core/Src/fonts.o
 .debug_aranges
                0x0000000000000238       0x80 ./Core/Src/gfx.o
 .debug_aranges
                0x00000000000002b8       0xc8 ./Core/Src/main.o
 .debug_aranges
                0x0000000000000380       0x68 ./Core/Src/ssd1306.o
 .debug_aranges
                0x00000000000003e8       0x68 ./Core/Src/stm32f4xx_hal_msp.o
 .debug_aranges
                0x0000000000000450       0xa0 ./Core/Src/stm32f4xx_it.o
 .debug_aranges
                0x00000000000004f0       0x20 ./Core/Src/sysmem.o
 .debug_aranges
                0x0000000000000510       0x28 ./Core/Src/system_stm32f4xx.o
 .debug_aranges
                0x0000000000000538       0x28 ./Core/Startup/startup_stm32f407vgtx.o
 .debug_aranges
                0x0000000000000560       0xf0 ./Drivers/STM32F4xx_HAL_Driver/Src/stm32f4xx_hal.o
 .debug_aranges
                0x0000000000000650       0xe8 ./Drivers/STM32F4xx_HAL_Driver/Src/stm32f4xx_hal_adc.o
 .debug_aranges
                0x0000000000000738      0x118 ./Drivers/STM32F4xx_HAL_Driver/Src/stm32f4xx_hal_cortex.o
 .debug_aranges
                0x0000000000000850       0x90 ./Drivers/STM32F4xx_HAL_Driver/Src/stm32f4xx_hal_dma.o
 .debug_aranges
                0x00000000000008e0       0x58 ./Drivers/STM32F4xx_HAL_Driver/Src/stm32f4xx_hal_gpio.o
 .debug_aranges
                0x0000000000000938      0x2a0 ./Drivers/STM32F4xx_HAL_Driver/Src/stm32f4xx_hal_i2c.o
 .debug_aranges
                0x0000000000000bd8       0x88 ./Drivers/STM32F4xx_HAL_Driver/Src/stm32f4xx_hal_rcc.o
 .debug_aranges
                0x0000000000000c60      0x3d0 ./Drivers/STM32F4xx_HAL_Driver/Src/stm32f4xx_hal_tim.o
 .debug_aranges
                0x0000000000001030      0x168 ./Drivers/STM32F4xx_HAL_Driver/Src/stm32f4xx_hal_tim_ex.o
 .debug_aranges
                0x0000000000001198      0x200 ./Drivers/STM32F4xx_HAL_Driver/Src/stm32f4xx_hal_uart.o

.debug_ranges   0x0000000000000000     0x1268
 .debug_ranges  0x0000000000000000       0x18 ./Core/Src/Buzzer.o
 .debug_ranges  0x0000000000000018       0x38 ./Core/Src/DHT22.o
 .debug_ranges  0x0000000000000050       0x48 ./Core/Src/ESP8266_HAL.o
 .debug_ranges  0x0000000000000098       0x10 ./Core/Src/LDR.o
 .debug_ranges  0x00000000000000a8       0x18 ./Core/Src/LED.o
 .debug_ranges  0x00000000000000c0       0x10 ./Core/Src/RFID.o
 .debug_ranges  0x00000000000000d0       0x10 ./Core/Src/RH.o
 .debug_ranges  0x00000000000000e0       0x10 ./Core/Src/SG90.o
 .debug_ranges  0x00000000000000f0       0x10 ./Core/Src/Temperature.o
 .debug_ranges  0x0000000000000100       0xb0 ./Core/Src/UART_HAL.o
 .debug_ranges  0x00000000000001b0       0x88 ./Core/Src/gfx.o
 .debug_ranges  0x0000000000000238       0xb8 ./Core/Src/main.o
 .debug_ranges  0x00000000000002f0       0x58 ./Core/Src/ssd1306.o
 .debug_ranges  0x0000000000000348       0x58 ./Core/Src/stm32f4xx_hal_msp.o
 .debug_ranges  0x00000000000003a0       0x90 ./Core/Src/stm32f4xx_it.o
 .debug_ranges  0x0000000000000430       0x10 ./Core/Src/sysmem.o
 .debug_ranges  0x0000000000000440       0x18 ./Core/Src/system_stm32f4xx.o
 .debug_ranges  0x0000000000000458       0x20 ./Core/Startup/startup_stm32f407vgtx.o
 .debug_ranges  0x0000000000000478       0xe0 ./Drivers/STM32F4xx_HAL_Driver/Src/stm32f4xx_hal.o