main.c:86:6:HAL_GPIO_EXTI_Callback	16	static
main.c:114:5:debouncer	24	static
main.c:149:6:play_Timbre	16	static
main.c:167:6:play_Alarma	16	static
main.c:185:5:main	8	static
main.c:330:6:SystemClock_Config	88	static
main.c:375:13:MX_TIM1_Init	96	static
main.c:458:13:MX_TIM2_Init	64	static
main.c:525:13:MX_TIM3_Init	64	static
main.c:592:13:MX_TIM4_Init	64	static
main.c:651:13:MX_TIM5_Init	32	static
main.c:696:13:MX_TIM8_Init	96	static
main.c:771:13:MX_USART2_UART_Init	8	static
main.c:804:13:MX_USART6_UART_Init	8	static
main.c:837:13:MX_GPIO_Init	56	static
main.c:929:6:Error_Handler	4	static,ignoring_inline_asm
