main.c:148:6:HAL_GPIO_EXTI_Callback	16	static
main.c:160:5:debouncer	24	static
main.c:196:6:delay	16	static
main.c:208:5:main	64	static
main.c:545:6:SystemClock_Config	88	static
main.c:589:13:MX_ADC1_Init	24	static
main.c:639:13:MX_ADC2_Init	24	static
main.c:689:13:MX_ADC3_Init	24	static
main.c:739:13:MX_TIM1_Init	96	static
main.c:822:13:MX_TIM2_Init	64	static
main.c:889:13:MX_TIM3_Init	64	static
main.c:956:13:MX_TIM4_Init	64	static
main.c:1015:13:MX_TIM5_Init	32	static
main.c:1060:13:MX_TIM6_Init	16	static
main.c:1098:13:MX_TIM8_Init	32	static
main.c:1144:13:MX_TIM9_Init	56	static
main.c:1196:13:MX_USART2_UART_Init	8	static
main.c:1229:13:MX_USART3_UART_Init	8	static
main.c:1262:13:MX_USART6_UART_Init	8	static
main.c:1295:13:MX_GPIO_Init	56	static
main.c:1419:6:Error_Handler	4	static,ignoring_inline_asm
